Starting process <0> on on <c1524.ofp>
Starting process <1> on on <c1525.ofp>
Starting process <3> on on <c1527.ofp>
Starting process <2> on on <c1526.ofp>
[GC (Allocation Failure)  449536K->14906K(1723392K), 0.1480984 secs]
[GC (Allocation Failure)  449536K->14336K(1723392K), 0.0374690 secs]
[GC (Allocation Failure)  449536K->14470K(1723392K), 0.0857892 secs]
[GC (Allocation Failure)  449536K->14697K(1723392K), 0.0681601 secs]
[GC (Allocation Failure)  464442K->5607K(2172928K), 0.0254364 secs]
[GC (Allocation Failure)  464006K->5084K(1723392K), 0.0224615 secs]
[GC (Allocation Failure)  463872K->5321K(1723392K), 0.0303815 secs]
[GC (Allocation Failure)  464233K->5220K(1723392K), 0.0346125 secs]
[GC (Allocation Failure)  904679K->6207K(2172928K), 0.0372183 secs]
[GC (Allocation Failure)  454620K->5452K(1723392K), 0.0214225 secs]
[GC (Allocation Failure)  454857K->5624K(1723392K), 0.0284397 secs]
[GC (Allocation Failure)  454756K->5817K(1723392K), 0.0178313 secs]
[GC (Allocation Failure)  905279K->10181K(3072000K), 0.0391498 secs]
[GC (Allocation Failure)  454988K->6279K(2172928K), 0.0210795 secs]
[GC (Allocation Failure)  455353K->6567K(2172928K), 0.0154838 secs]
[GC (Allocation Failure)  455160K->6427K(2172928K), 0.0201865 secs]
[GC (Allocation Failure)  1808325K->334650K(3072000K), 0.4568704 secs]
[GC (Metadata GC Threshold) [GC (Allocation Failure)  905351K->64055K(2172928K), 0.0238677 secs]
[GC (Allocation Failure)  905499K->63742K(2172928K), 0.0292904 secs]
 2115191K->703110K(4848640K), 0.4353249 secs]
[Full GC (Metadata GC Threshold) [GC (Allocation Failure)  905639K->81325K(2172928K), 0.0508902 secs]
 703110K->700698K(5414400K), 9.7590492 secs]
Init; 20481.253218 ms
[GC (Metadata GC Threshold)  253555K->62165K(3028992K), 0.0686018 secs]
[Full GC (Metadata GC Threshold)  62165K->61588K(2547200K), 0.3384817 secs]
[GC (Metadata GC Threshold) [GC (Metadata GC Threshold)  273216K->64144K(3047424K), 0.0689003 secs]
[Full GC (Metadata GC Threshold)  266983K->63935K(3028992K), 0.1053717 secs]
[Full GC (Metadata GC Threshold)  64144K->62655K(2471424K), 0.1856044 secs]
 63935K->63384K(2553856K), 0.4509231 secs]
Iter 0; 9624.856169; 3605.306263; 4380.467999; 1639.081907; 797346; 474988; 605566; 622100
Iter 1; 5701.017231; 3081.87638; 1253.213091; 1365.92776; 761110; 591757; 521217; 625916
Iter 2; 5128.839657; 3427.497422; 440.477154; 1260.865081; 739482; 601238; 529577; 629703
Iter 3; 4141.505499; 3201.645511; 423.879246; 515.980742; 734209; 603022; 539078; 623691
Iter 4; 4778.046488; 3153.982643; 414.54209; 1209.521755; 655260; 626922; 569822; 647996
Iter 5; 4013.857008; 3055.624091; 425.840366; 532.392551; 654770; 620269; 598912; 626049
Iter 6; 3938.273389; 2965.428951; 434.078594; 538.765844; 652199; 620707; 601762; 625332
[GC (Allocation Failure)  1841560K->160007K(2573824K), 0.0902361 secs]
[GC (Allocation Failure)  4114400K->765170K(5596672K), 0.0849949 secs]
[GC (Allocation Failure)  1839685K->172334K(2566656K), 0.1052430 secs]
Iter 7; 4933.502548; 3137.610635; 1126.599699; 669.292214; 671396; 572022; 603624; 652958
[GC (Allocation Failure)  1847487K->131957K(2484736K), 0.0771943 secs]
Iter 8; 4313.92982; 2678.745056; 406.865148; 1228.319616; 707081; 581846; 644685; 566388
Iter 9; 4109.830488; 3227.386773; 388.877744; 493.565971; 691831; 588515; 645902; 573752
Iter 10; 3789.320548; 2882.187981; 397.027422; 510.105145; 681026; 591260; 644344; 583370
Iter 11; 3952.870672; 3046.971834; 405.559698; 500.33914; 674294; 593872; 644070; 587764
Iter 12; 4377.532674; 2886.222189; 394.777075; 1096.53341; 682996; 600240; 621464; 595300
Iter 13; 4753.675201; 2941.744056; 974.18035; 837.750795; 679124; 616914; 582050; 621912
Iter 14; 4031.399791; 2554.322122; 404.974129; 1072.10354; 679201; 630672; 582117; 608010
Iter 15; 3738.362257; 2581.37909; 654.47643; 502.506737; 680833; 637171; 579408; 602588
Iter 16; 4487.156321; 2993.626407; 629.732669; 863.797245; 683073; 644026; 565886; 607015
[GC (Allocation Failure)  1938183K->238970K(3389952K), 0.1390850 secs]
[GC (Allocation Failure)  1951022K->248711K(3430400K), 0.1547725 secs]
Iter 17; 4922.835162; 3192.960088; 895.312681; 834.562393; 703607; 627867; 542576; 625950
[GC (Allocation Failure)  1916789K->200496K(3701248K), 0.1358595 secs]
Iter 18; 4402.510973; 2818.7661; 751.684879; 832.059994; 718386; 633047; 553510; 595057
Iter 19; 4157.265005; 2970.453933; 397.088912; 789.72216; 694033; 657142; 568886; 579939
[GC (Allocation Failure)  4179186K->827178K(5792256K), 0.1573546 secs]
