Starting process <0> on on <c1528.ofp>
Starting process <2> on on <c1535.ofp>
Starting process <3> on on <c1536.ofp>
Starting process <1> on on <c1534.ofp>
[GC (Allocation Failure)  449536K->15149K(1723392K), 0.0694146 secs]
[GC (Allocation Failure)  449536K->14366K(1723392K), 0.0896746 secs]
[GC (Allocation Failure)  449536K->14407K(1723392K), 0.0910564 secs]
[GC (Allocation Failure)  449536K->14362K(1723392K), 0.0912166 secs]
[GC (Allocation Failure)  464685K->5908K(1723392K), 0.0306728 secs]
[GC (Allocation Failure) [GC (Allocation Failure)  463898K->5413K(1723392K), 0.0267557 secs]
 463902K->5121K(1723392K), 0.0241967 secs]
[GC (Allocation Failure)  463943K->5132K(1723392K), 0.0204762 secs]
[GC (Allocation Failure)  455444K->5935K(1723392K), 0.0209198 secs]
[GC (Allocation Failure)  454657K->5909K(1723392K), 0.0224629 secs]
[GC (Allocation Failure)  454668K->5764K(1723392K), 0.0371493 secs]
[GC (Allocation Failure)  454949K->5352K(1723392K), 0.0278200 secs]
[GC (Allocation Failure)  455471K->6849K(2172928K), 0.0233111 secs]
[GC (Allocation Failure)  455300K->6263K(2172928K), 0.0222949 secs]
[GC (Allocation Failure)  455445K->6256K(2172928K), 0.0268059 secs]
[GC (Allocation Failure)  454888K->6224K(2172928K), 0.0438085 secs]
[GC (Allocation Failure)  905921K->170960K(2172928K), 0.2270093 secs]
[GC (Allocation Failure)  1070032K->403290K(2985984K), 0.4672055 secs]
[GC (Allocation Failure)  902100K->6586K(2172928K), 0.0202817 secs]
[GC (Metadata GC Threshold) [GC (Allocation Failure)  905328K->64389K(2172928K)[GC (Allocation Failure) , 0.0272672 secs]
 905296K->63575K(2172928K), 0.0307350 secs]
 1689475K->703115K(3122176K), 0.4885392 secs]
[Full GC (Metadata GC Threshold)  703115K->700705K(3604480K), 8.9229844 secs]
Init; 19638.721119 ms
[GC (Metadata GC Threshold) [GC (Metadata GC Threshold)  266714K->62932K(3029504K), 0.0815348 secs]
[Full GC (Metadata GC Threshold)  246630K->61628K(3030528K), 0.0657162 secs]
[Full GC (Metadata GC Threshold)  61628K->61145K(2472960K), 0.2362866 secs]
 62932K->62351K(2545664K), 0.3666087 secs]
[GC (Metadata GC Threshold)  270114K->62158K(2981376K), 0.0750567 secs]
[Full GC (Metadata GC Threshold)  62158K->61660K(2563072K), 0.6230136 secs]
Iter 0; 9155.740501; 4538.24758; 2531.89858; 2085.594341; 682307; 582052; 550044; 685597
Iter 1; 6125.711709; 3634.675748; 635.774594; 1855.261367; 677653; 526592; 616267; 679488
Iter 2; 5509.654919; 3555.850375; 1340.202459; 613.602085; 647423; 600493; 638183; 613901
[GC (Allocation Failure)  2362657K->744706K(3725312K), 0.0605796 secs]
Iter 3; 4598.359568; 3169.978412; 488.088451; 940.292705; 639922; 630214; 645093; 584771
Iter 4; 4060.871855; 3134.170159; 429.99003; 496.711666; 620323; 639360; 649205; 591112
Iter 5; 3745.255612; 2801.070527; 430.20895; 513.976135; 611021; 648305; 639268; 601406
Iter 6; 3869.45373; 2939.669898; 424.676158; 505.107674; 605432; 650471; 642605; 601492
[GC (Allocation Failure)  1840857K->175398K(2491392K), 0.1153316 secs]
Iter 7; 4538.768808; 3127.042519; 407.208556; 1004.517733; 610689; 640266; 644065; 604980
[GC (Allocation Failure)  1841039K->161025K(2565120K), 0.1016369 secs]
[GC (Allocation Failure)  1830108K->175822K(2592768K), 0.1395129 secs]
Iter 8; 4814.225875; 3056.115136; 1268.333722; 489.777017; 603139; 641497; 615850; 639514
Iter 9; 3907.052677; 2739.924732; 397.283372; 769.844573; 594342; 630440; 637227; 637991
[GC (Allocation Failure)  2744062K->775409K(3951616K), 0.0919452 secs]
Iter 10; 4892.885282; 3266.927393; 558.71692; 1067.240969; 596311; 645918; 642073; 615698
Iter 11; 3874.879307; 2997.574458; 392.580391; 484.724458; 593374; 650639; 643173; 612814
Iter 12; 4207.027687; 3164.87354; 398.817689; 643.336458; 588519; 658825; 648552; 604104
Iter 13; 4481.933438; 3106.429831; 397.169931; 978.333676; 546852; 665996; 688005; 599147
Iter 14; 3988.047886; 2790.193792; 399.433298; 798.420796; 526157; 674697; 706936; 592210
Iter 15; 4564.59094; 3249.345542; 470.520027; 844.725371; 546601; 673573; 706471; 573355
Iter 16; 4089.87898; 3205.590997; 392.808139; 491.479844; 548971; 668895; 689732; 592402
Iter 17; 4016.181407; 3125.797531; 396.060893; 494.322983; 552261; 681394; 671818; 594527
[GC (Allocation Failure)  1939713K->243057K(3424768K), 0.1674669 secs]
[GC (Allocation Failure)  1944270K->269032K(3289600K), 0.1653149 secs]
[GC (Allocation Failure)  1954559K->224080K(3636736K), 0.1122002 secs]
Iter 18; 4811.775047; 2885.552738; 810.639957; 1115.582352; 563722; 683571; 660504; 592203
Iter 19; 3900.417042; 2727.714169; 389.975592; 782.727281; 555795; 682786; 661402; 600017
[GC (Allocation Failure)  2970865K->810778K(4157952K), 0.1404368 secs]
