Starting process <0> on on <c1376.ofp>
Starting process <3> on on <c1523.ofp>
Starting process <2> on on <c1522.ofp>
Starting process <1> on on <c1521.ofp>
[GC (Allocation Failure)  449536K->15184K(1723392K), 0.0883557 secs]
[GC (Allocation Failure)  449536K->14436K(1723392K), 0.0336965 secs]
[GC (Allocation Failure)  449536K->14529K(1723392K), 0.1154476 secs]
[GC (Allocation Failure)  464720K->5539K(1723392K), 0.0232863 secs]
[GC (Allocation Failure)  449536K->14766K(1723392K), 0.0307431 secs]
[GC (Allocation Failure) [GC (Allocation Failure)  463972K->5331K(1723392K), 0.0155868 secs]
 464065K->4936K(1723392K), 0.0314561 secs]
[GC (Allocation Failure)  464302K->5023K(1723392K), 0.0315443 secs]
[GC (Allocation Failure)  455075K->5631K(1723392K), 0.0194327 secs]
[GC (Allocation Failure)  454472K->5737K(1723392K), 0.0337971 secs]
[GC (Allocation Failure)  454867K->6117K(1723392K), 0.0276271 secs]
[GC (Allocation Failure)  454559K->5968K(1723392K), 0.0177796 secs]
[GC (Allocation Failure)  455167K->6626K(2172928K), 0.0509491 secs]
[GC (Allocation Failure)  455273K->6495K(2172928K), 0.0165325 secs]
[GC (Allocation Failure)  455653K->6595K(2172928K), 0.0278380 secs]
[GC (Allocation Failure)  455504K->6787K(2172928K), 0.0235865 secs]
[GC (Allocation Failure)  905698K->157183K(2172928K), 0.2157830 secs]
[GC (Allocation Failure)  1056255K->384278K(2976768K), 0.4224187 secs]
[GC (Allocation Failure)  890579K->6825K(2172928K), 0.0259426 secs]
[GC (Metadata GC Threshold) [GC (Allocation Failure)  1667521K->703197K(3112960K), 0.4813726 secs]
[Full GC (Metadata GC Threshold)  905567K->77863K(2172928K), 0.0506146 secs]
[GC (Allocation Failure)  905667K->86957K(2172928K), 0.0450229 secs]
 703197K->700752K(3603968K), 9.0873352 secs]
Init; 19771.877243 ms
[GC (Metadata GC Threshold) [GC (Metadata GC Threshold) [GC (Metadata GC Threshold)  261861K->64855K(2121216K), 0.0546778 secs]
[Full GC (Metadata GC Threshold)  279321K->63195K(2981888K), 0.0715674 secs]
[Full GC (Metadata GC Threshold)  268744K->64089K(3042304K), 0.0765201 secs]
[Full GC (Metadata GC Threshold)  64855K->63453K(1580032K), 0.1664382 secs]
 64089K->62767K(2458112K), 0.1874488 secs]
 63195K->62714K(2584576K), 0.6689546 secs]
Iter 0; 10632.126432; 2946.54791; 5400.404012; 2285.17451; 745187; 588938; 505875; 660000
[GC (Allocation Failure)  932347K->152940K(2199552K), 0.1107190 secs]
Iter 1; 6767.38642; 3749.602035; 1003.759269; 2014.025116; 679480; 628640; 580289; 611591
[GC (Allocation Failure)  2362704K->750937K(3732992K), 0.0628942 secs]
Iter 2; 4813.277091; 3109.379404; 462.549492; 1241.348195; 621822; 658088; 557920; 662170
Iter 3; 3717.17816; 2757.916933; 437.402873; 521.858354; 616827; 658088; 565089; 659996
Iter 4; 4607.481932; 3271.743385; 422.726322; 913.012225; 613444; 676924; 584108; 625524
Iter 5; 4862.181916; 2948.52369; 968.349327; 945.308899; 630013; 675745; 592795; 601447
Iter 6; 4815.470332; 3067.161106; 759.142521; 989.166705; 675605; 675512; 579879; 569004
[GC (Allocation Failure)  1845039K->155717K(2473984K), 0.0831766 secs]
[GC (Allocation Failure)  1831162K->130556K(2614272K), 0.0773139 secs]
Iter 7; 5980.683402; 3336.026097; 966.949896; 1677.707409; 733279; 699703; 591085; 475933
Iter 8; 4245.198505; 3321.160439; 410.982771; 513.055295; 716368; 700365; 574764; 508503
[GC (Allocation Failure) [GC (Allocation Failure)  2743129K->811744K(3984384K), 0.1277274 secs]
 1618284K->209635K(2388992K), 0.1660165 secs]
Iter 9; 4790.934229; 2877.285931; 1208.739824; 704.908474; 726304; 663781; 570427; 539488
Iter 10; 4448.102693; 3107.23754; 399.841947; 941.023206; 673981; 710974; 584155; 530890
Iter 11; 4075.437276; 2817.897921; 396.533644; 861.005711; 680466; 678106; 577912; 563516
Iter 12; 3772.251079; 2867.936406; 397.41518; 506.899493; 680466; 663097; 588868; 567569
Iter 13; 4123.398865; 2970.903031; 390.227449; 762.268385; 678121; 653906; 596930; 571043
Iter 14; 4618.227379; 3314.565008; 815.855717; 487.806654; 686171; 658479; 600821; 554529
Iter 15; 4016.85489; 3116.119539; 398.918689; 501.816662; 672266; 656187; 606049; 565498
[GC (Allocation Failure)  1937989K->213773K(3725824K), 0.1328575 secs]
[GC (Allocation Failure)  1899004K->203924K(3205632K), 0.1378964 secs]
Iter 16; 5723.174674; 3665.746562; 1068.432095; 988.996017; 686233; 665310; 597873; 550584
[GC (Allocation Failure)  2994912K->853646K(4194304K), 0.1738689 secs]
Iter 17; 4711.047054; 3011.113964; 809.310173; 890.622917; 636805; 679794; 613190; 570211
Iter 18; 4532.628886; 3300.89706; 409.119546; 822.61228; 640186; 677113; 607071; 575630
[GC (Allocation Failure)  1916643K->292149K(2499584K), 0.0750445 secs]
Iter 19; 4932.330691; 2967.97534; 785.80583; 1178.549521; 668363; 611957; 625135; 594545
