Starting process <0> on on <c0948.ofp>
Starting process <2> on on <c0952.ofp>
Starting process <3> on on <c0953.ofp>
Starting process <1> on on <c0951.ofp>
[GC (Allocation Failure)  449536K->15055K(1723392K), 0.0862510 secs]
[GC (Allocation Failure)  449536K->14458K(1723392K), 0.0886870 secs]
[GC (Allocation Failure)  464591K->5608K(1723392K), 0.0238829 secs]
[GC (Allocation Failure)  449536K->14361K(1723392K), 0.0806353 secs]
[GC (Allocation Failure)  449536K->14807K(1723392K), 0.0307063 secs]
[GC (Allocation Failure)  463994K->4997K(1723392K), 0.0220999 secs]
[GC (Allocation Failure)  463897K->5368K(1723392K), 0.0418611 secs]
[GC (Allocation Failure)  464343K->5200K(1723392K), 0.0240694 secs]
[GC (Allocation Failure)  455144K->5691K(1723392K), 0.0240644 secs]
[GC (Allocation Failure)  454736K->5100K(1723392K), 0.0150331 secs]
[GC (Allocation Failure)  454533K->5671K(1723392K), 0.0352737 secs]
[GC (Allocation Failure)  454904K->5487K(1723392K), 0.0230984 secs]
[GC (Allocation Failure)  455227K->6619K(2172928K), 0.0230780 secs]
[GC (Allocation Failure)  454636K->7256K(2172928K), 0.0284509 secs]
[GC (Allocation Failure)  455023K->6155K(2172928K), 0.0221428 secs]
[GC (Allocation Failure)  455207K->6143K(2172928K), 0.0277573 secs]
[GC (Allocation Failure)  905691K->160852K(2172928K), 0.2568828 secs]
[GC (Allocation Failure)  1059924K->385198K(2980864K), 0.4720391 secs]
[GC (Metadata GC Threshold) [GC (Allocation Failure)  1752911K->703516K(3115008K), 0.3967307 secs]
[Full GC (Metadata GC Threshold) [GC (Allocation Failure)  906328K->73118K(2172928K), 0.0435342 secs]
 905215K->75420K(2172928K), 0.0463797 secs]
[GC (Allocation Failure)  905227K->79397K(2172928K), 0.0722472 secs]
 703516K->700734K(3604992K), 8.7114028 secs]
Init; 19673.823241 ms
[GC (Metadata GC Threshold)  237585K->62121K(3040256K), 0.0730809 secs]
[Full GC (Metadata GC Threshold)  62121K->61065K(2500096K), 0.2273872 secs]
[GC (Metadata GC Threshold)  285220K->65370K(3044864K), 0.0769090 secs]
[Full GC (Metadata GC Threshold)  65370K->63913K(2473984K), 0.2412403 secs]
[GC (Metadata GC Threshold)  280949K->63680K(3037184K), 0.0616647 secs]
[Full GC (Metadata GC Threshold)  63680K->62911K(2493440K), 0.2618310 secs]
Iter 0; 8126.580799; 4982.726136; 1721.98894; 1421.865723; 640971; 619254; 622516; 617259
Iter 1; 6099.244747; 3337.487281; 735.886654; 2025.870812; 691237; 658295; 540097; 610371
Iter 2; 4488.962705; 3434.009517; 441.411669; 613.541519; 668880; 648377; 562444; 620299
Iter 3; 3917.076534; 2923.59817; 455.802523; 537.675841; 675399; 633686; 570215; 620700
[GC (Allocation Failure)  2364734K->758938K(3745280K), 0.0683180 secs]
Iter 4; 5287.356723; 3606.358234; 1193.863909; 487.13458; 625528; 646901; 602019; 625552
Iter 5; 4597.685439; 2984.99413; 676.135852; 936.555457; 657210; 662755; 533725; 646310
Iter 6; 4674.096846; 3395.78191; 458.9627; 819.352236; 676440; 637722; 486407; 699431
[GC (Allocation Failure)  1842825K->120900K(2516480K), 0.0674121 secs]
Iter 7; 4569.18025; 3002.214188; 402.736408; 1164.229654; 701367; 642671; 455619; 700343
[GC (Allocation Failure)  1847209K->140728K(2488832K), 0.0890561 secs]
Iter 8; 4447.780633; 2967.843288; 464.873806; 1015.063539; 696630; 647022; 487792; 668556
[GC (Allocation Failure)  1842381K->134713K(2511360K), 0.0748832 secs]
Iter 9; 4954.07368; 3713.920158; 394.460058; 845.693464; 691200; 643204; 511056; 654540
[GC (Allocation Failure)  2756762K->798802K(3978752K), 0.1144764 secs]
Iter 10; 4895.607337; 3317.331223; 404.687298; 1173.588816; 664278; 653792; 535155; 646775
Iter 11; 4171.481089; 3281.750076; 385.0966; 504.634413; 668564; 640384; 546575; 644477
Iter 12; 4739.815966; 3407.550298; 402.963417; 929.302251; 664591; 641726; 539590; 654093
Iter 13; 4031.877697; 3023.19502; 524.223233; 484.459444; 664110; 628589; 541797; 665504
Iter 14; 3744.508125; 2865.806659; 391.965098; 486.736368; 661187; 620420; 552568; 665825
Iter 15; 4265.500908; 2866.835371; 591.615746; 807.049791; 674297; 621720; 539037; 664946
Iter 16; 4043.371826; 3174.985365; 389.701462; 478.684999; 672103; 614423; 546227; 667247
[GC (Allocation Failure)  1902595K->187039K(3553280K), 0.1445360 secs]
Iter 17; 4114.58055; 3073.961428; 534.528726; 506.090396; 672337; 608852; 553125; 665686
[GC (Allocation Failure)  1924024K->235115K(3680256K), 0.1641940 secs]
Iter 18; 3921.069429; 2654.587424; 400.164317; 866.317688; 667857; 570317; 595638; 666188
[GC (Allocation Failure)  1914821K->196040K(3573248K), 0.1435579 secs]
Iter 19; 3632.819945; 2590.416551; 390.536644; 651.86675; 667857; 570317; 595638; 666188
[GC (Allocation Failure)  2990162K->829279K(4179456K), 0.1557303 secs]
