Starting process <2> on on <c1136.ofp>
Starting process <0> on on <c0965.ofp>
Starting process <3> on on <c1194.ofp>
Starting process <1> on on <c0966.ofp>
[GC (Allocation Failure)  449536K->15062K(1723392K), 0.1022909 secs]
[GC (Allocation Failure)  449536K->14471K(1723392K), 0.0476913 secs]
[GC (Allocation Failure)  449536K->14498K(1723392K), 0.0929193 secs]
[GC (Allocation Failure)  449536K->14513K(1723392K), 0.1294746 secs]
[GC (Allocation Failure)  464598K->5683K(1723392K), 0.1137052 secs]
[GC (Allocation Failure)  464034K->6045K(1723392K), 0.0222893 secs]
[GC (Allocation Failure)  464007K->5477K(1723392K), 0.0292103 secs]
[GC (Allocation Failure)  464049K->4980K(1723392K), 0.0370672 secs]
[GC (Allocation Failure)  455219K->5568K(1723392K), 0.0448010 secs]
[GC (Allocation Failure)  454516K->5724K(1723392K), 0.0394240 secs]
[GC (Allocation Failure)  455013K->5551K(1723392K), 0.0163961 secs]
[GC (Allocation Failure)  455581K->5447K(1723392K), 0.0545408 secs]
[GC (Allocation Failure)  455104K->6834K(2172928K), 0.0372904 secs]
[GC (Allocation Failure)  455087K->6272K(2172928K), 0.0271143 secs]
[GC (Allocation Failure)  905906K->165104K(2172928K), 0.2239124 secs]
[GC (Allocation Failure)  455260K->6239K(2172928K), 0.0273416 secs]
[GC (Allocation Failure)  454983K->6035K(2172928K), 0.0420504 secs]
[GC (Allocation Failure)  1064176K->403846K(2976768K), 0.4003729 secs]
[GC (Metadata GC Threshold) [GC (Allocation Failure) [GC (Allocation Failure)  905107K->38518K(2172928K), 0.0509164 secs]
 905131K->68789K(2172928K), 0.0472979 secs]
 1670322K->703319K(3118080K), 0.4087048 secs]
[Full GC (Metadata GC Threshold) [GC (Allocation Failure)  905311K->78497K(2172928K), 0.0375857 secs]
 703319K->700718K(3597312K), 8.9613993 secs]
Init; 19589.561147 ms
[GC (Metadata GC Threshold) [GC (Metadata GC Threshold) [GC (Metadata GC Threshold)  263458K->64086K(3043328K), 0.0547187 secs]
[Full GC (Metadata GC Threshold)  270906K->64025K(3032576K), 0.0634331 secs]
[Full GC (Metadata GC Threshold)  237389K->62718K(3008000K), 0.0624805 secs]
[Full GC (Metadata GC Threshold)  64086K->62390K(2448896K), 0.1818828 secs]
 64025K->63462K(2529280K), 0.2713858 secs]
 62718K->62292K(2552320K), 0.5082495 secs]
Iter 0; 9184.84431; 2918.087597; 4127.356272; 2139.400441; 692525; 419838; 665337; 722300
Iter 1; 5123.524429; 3185.421743; 996.272213; 941.830473; 711851; 371869; 683823; 732457
Iter 2; 3934.30427; 2918.469294; 483.887907; 531.947069; 700588; 453319; 683317; 662776
Iter 3; 4161.341196; 3197.881641; 433.82529; 529.634265; 699128; 475328; 684279; 641265
[GC (Allocation Failure)  2357328K->739941K(3718656K), 0.0448415 secs]
Iter 4; 4048.274964; 3143.662453; 410.547861; 494.06465; 659277; 543413; 676069; 621241
Iter 5; 4511.316543; 3570.497143; 421.103493; 519.715907; 652556; 551601; 672148; 623695
Iter 6; 4400.310866; 3048.953791; 424.882978; 926.474097; 643971; 561327; 683136; 611566
[GC (Allocation Failure)  1836372K->133007K(2576384K), 0.0763292 secs]
[GC (Allocation Failure)  1845035K->179908K(2464256K), 0.1248225 secs]
Iter 7; 4507.945638; 3027.060945; 421.743511; 1059.141182; 658130; 537564; 680719; 623587
[GC (Allocation Failure)  1842150K->145449K(2548736K), 0.0856083 secs]
Iter 8; 4291.576796; 3319.723633; 468.275738; 503.577425; 652750; 555182; 677346; 614722
Iter 9; 4203.820712; 3304.632043; 405.022019; 494.16665; 637103; 572191; 674078; 616628
Iter 10; 4175.656357; 3269.845264; 399.928807; 505.882286; 631116; 581594; 666980; 620310
[GC (Allocation Failure)  2740518K->816387K(3995648K), 0.1363405 secs]
Iter 11; 4329.218506; 3301.978826; 534.779627; 492.460053; 627814; 587099; 662324; 622763
Iter 12; 3777.031795; 2865.951456; 403.083232; 507.997107; 626073; 596920; 656792; 620215
Iter 13; 4510.45792; 3142.483052; 397.411994; 970.562874; 625833; 593932; 656036; 624199
Iter 14; 4022.720575; 3120.750969; 402.941823; 499.027783; 632046; 595734; 648086; 624134
Iter 15; 4317.831376; 3157.545762; 401.728149; 758.557465; 632270; 586531; 653782; 627417
Iter 16; 4810.058938; 3504.516961; 389.583563; 915.958414; 629107; 581564; 654151; 635178
[GC (Allocation Failure)  1907087K->190827K(3323904K), 0.1276663 secs]
Iter 17; 4329.664506; 2685.547827; 392.02086; 1252.095819; 622742; 588397; 656436; 632425
[GC (Allocation Failure)  1962281K->216298K(3775488K), 0.1062591 secs]
Iter 18; 4284.992016; 2914.022642; 404.06194; 966.907434; 624131; 585298; 655567; 635004
Iter 19; 4153.004052; 3273.112602; 398.996589; 480.894861; 626820; 590504; 650370; 632306
[GC (Allocation Failure) [GC (Allocation Failure)  3017987K->798626K(4154368K), 0.1159048 secs]
 1924137K->201030K(3470848K), 0.1397545 secs]
