Starting process <0> on on <c3789.ofp>
Starting process <1> on on <c3790.ofp>
Starting process <3> on on <c3792.ofp>
Starting process <2> on on <c3791.ofp>
[GC (Allocation Failure)  449536K->14825K(1723392K), 0.1180931 secs]
[GC (Allocation Failure)  449536K->14475K(1723392K), 0.1216838 secs]
[GC (Allocation Failure)  464361K->5687K(1723392K), 0.0334374 secs]
[GC (Allocation Failure)  449536K->15031K(1723392K), 0.0779028 secs]
[GC (Allocation Failure)  449536K->14328K(1723392K), 0.0590508 secs]
[GC (Allocation Failure)  464011K->4851K(1723392K), 0.0517484 secs]
[GC (Allocation Failure)  464567K->4968K(1723392K), 0.0161807 secs]
[GC (Allocation Failure)  455223K->5631K(1723392K), 0.0186534 secs]
[GC (Allocation Failure)  463864K->5516K(1723392K), 0.0410132 secs]
[GC (Allocation Failure)  454504K->6249K(1723392K), 0.0194959 secs]
[GC (Allocation Failure)  455167K->12759K(2172928K), 0.0241425 secs]
[GC (Allocation Failure)  455052K->5908K(1723392K), 0.0444863 secs]
[GC (Allocation Failure)  454387K->6559K(1723392K), 0.0176428 secs]
[GC (Allocation Failure)  911831K->158504K(2172928K), 0.2174920 secs]
[GC (Allocation Failure)  455444K->5863K(2172928K), 0.0439658 secs]
[GC (Allocation Failure)  455785K->6488K(2172928K), 0.0150452 secs]
[GC (Allocation Failure)  456095K->5784K(2172928K), 0.0205880 secs]
[GC (Allocation Failure)  1057576K->404575K(2969088K), 0.4178960 secs]
[GC (Allocation Failure)  2056799K->870570K(3115008K), 0.7815244 secs]
[GC (Allocation Failure)  2522794K->1486192K(4716032K), 1.1465167 secs]
[Full GC (Ergonomics)  1486192K->1481317K(5897216K), 22.6263358 secs]
[GC (Allocation Failure)  4366022K->2692430K(6173696K), 1.2490027 secs]
[Full GC (Ergonomics)  2692430K->2652781K(8220672K), 19.3892964 secs]
[GC (Allocation Failure) [GC (Allocation Failure) [GC (Allocation Failure)  893655K->6961K(2172928K), 0.0184977 secs]
 879585K->6625K(2172928K), 0.0277665 secs]
 874988K->6611K(2172928K), 0.0481632 secs]
Init; 83631.103116 ms
[GC (Metadata GC Threshold)  563917K->216175K(2895360K), 0.2951826 secs]
[Full GC (Metadata GC Threshold)  216175K->215153K(2672128K), 2.3094510 secs]
[GC (Metadata GC Threshold) [GC (Metadata GC Threshold)  579862K->217243K(2893824K), 0.2777300 secs]
[Full GC (Metadata GC Threshold)  582289K->216997K(2893824K), 0.2256833 secs]
[Full GC (Metadata GC Threshold)  217243K->216041K(2713600K), 2.4110435 secs]
 216997K->215908K(2689024K), 2.5833444 secs]
Iter 0; 19197.661099; 13245.862688; 2581.13482; 3370.663591; 2665227; 2261056; 2549461; 2524256
[GC (Allocation Failure)  5680749K->2876144K(8750080K), 0.3307383 secs]
Iter 1; 19682.253235; 15848.540233; 2485.172674; 1348.540328; 1267067; 2902315; 2643840; 3186778
[GC (Allocation Failure)  1896955K->364515K(2788352K), 0.1685144 secs]
[GC (Allocation Failure)  1896712K->320933K(2806272K), 0.1289638 secs]
Iter 2; 14489.465982; 10958.101491; 1494.984106; 2036.380385; 1690869; 2706668; 2515209; 3087254
[GC (Allocation Failure)  1896253K->325992K(2830848K), 0.1363903 secs]
Iter 3; 12926.747192; 10483.295875; 401.295986; 2042.155331; 1799725; 2686700; 2670609; 2842966
Iter 4; 12573.5493; 9686.25113; 1577.56475; 1309.73342; 2163987; 2404478; 2513120; 2918415
Iter 5; 11618.018622; 10119.466388; 417.697397; 1080.854837; 2354627; 2381757; 2473793; 2789823
Iter 6; 11707.116663; 9640.854495; 408.055322; 1658.206846; 2400657; 2468445; 2418839; 2712059
Iter 7; 10519.756744; 9630.533031; 400.527516; 488.696197; 2409303; 2439623; 2483876; 2667198
[GC (Allocation Failure)  2001117K->394179K(3504128K), 0.2138351 secs]
[GC (Allocation Failure)  2046276K->427370K(3570176K), 0.2292251 secs]
Iter 8; 11448.694486; 9393.003092; 391.536062; 1664.155332; 2448418; 2503343; 2404423; 2643816
[GC (Allocation Failure)  2006888K->410244K(3456000K), 0.2401572 secs]
Iter 9; 11614.514735; 9673.612307; 1437.916031; 502.986397; 2517242; 2514286; 2433212; 2535260
[GC (Allocation Failure)  6166768K->3048653K(8890880K), 0.0941851 secs]
Iter 10; 10819.960386; 9017.319741; 389.531293; 1413.109352; 2488720; 2528940; 2447051; 2535289
Iter 11; 11001.056146; 9243.611426; 998.979723; 758.464997; 2499809; 2528896; 2424581; 2546714
Iter 12; 10279.686889; 9302.987443; 485.175759; 491.523687; 2500840; 2522332; 2434391; 2542437
Iter 13; 12081.904166; 9574.813163; 1497.800635; 1009.290368; 2532960; 2513087; 2355067; 2598886
Iter 14; 10083.993488; 9203.358189; 390.313062; 490.322237; 2525440; 2512933; 2376075; 2585552
Iter 15; 10163.269313; 9220.658079; 395.906399; 546.704835; 2508404; 2516656; 2417671; 2557269
Iter 16; 10512.536919; 9369.549337; 638.112403; 504.875179; 2503805; 2532783; 2411108; 2552304
Iter 17; 10295.574239; 9070.139962; 392.511992; 832.922285; 2501214; 2511273; 2432192; 2555321
Iter 18; 11730.048759; 9324.103531; 1049.471044; 1356.474184; 2506327; 2674733; 2249055; 2569885
[GC (Allocation Failure)  2751591K->493978K(3558400K), 0.2918918 secs]
Iter 19; 12898.914318; 9791.573881; 2625.870105; 481.470332; 2525344; 2662289; 2227202; 2585165
[GC (Allocation Failure) [GC (Allocation Failure)  2694276K->445673K(3506176K), 0.2256031 secs]
 2849130K->468831K(3626496K), 0.2609084 secs]
