Starting process <3> on on <c3800.ofp>
Starting process <0> on on <c3797.ofp>
Starting process <1> on on <c3798.ofp>
Starting process <2> on on <c3799.ofp>
[GC (Allocation Failure)  449536K->14882K(1723392K), 0.0392195 secs]
[GC (Allocation Failure)  449536K->14469K(1723392K), 0.0901478 secs]
[GC (Allocation Failure)  464418K->5656K(1723392K), 0.0624682 secs]
[GC (Allocation Failure)  449536K->15070K(1723392K), 0.0386223 secs]
[GC (Allocation Failure)  449536K->14813K(1723392K), 0.0271988 secs]
[GC (Allocation Failure)  464005K->5092K(1723392K), 0.0201857 secs]
[GC (Allocation Failure)  464606K->5031K(1723392K), 0.0298407 secs]
[GC (Allocation Failure)  455192K->5691K(1723392K), 0.0410707 secs]
[GC (Allocation Failure)  464349K->5312K(1723392K), 0.0150426 secs]
[GC (Allocation Failure)  454567K->5684K(1723392K), 0.0222380 secs]
[GC (Allocation Failure)  454628K->6169K(1723392K), 0.0154716 secs]
[GC (Allocation Failure)  454848K->6041K(1723392K), 0.0122146 secs]
[GC (Allocation Failure)  455227K->6686K(2172928K), 0.0356382 secs]
[GC (Allocation Failure)  455220K->6119K(2172928K), 0.0401661 secs]
[GC (Allocation Failure)  455577K->6591K(2172928K), 0.0237164 secs]
[GC (Allocation Failure)  455705K->6191K(2172928K), 0.0198782 secs]
[GC (Allocation Failure)  905758K->161036K(2172928K), 0.2147007 secs]
[GC (Allocation Failure)  1060108K->395590K(2975232K), 0.4245506 secs]
[GC (Allocation Failure)  2053958K->871113K(3115008K), 0.8914672 secs]
[GC (Allocation Failure)  2529481K->1512512K(4720128K), 1.4429722 secs]
[Full GC (Ergonomics)  1512512K->1507668K(5901824K), 22.5483999 secs]
[GC (Allocation Failure)  4379104K->2656256K(6187008K), 12.5188894 secs]
[Full GC (Ergonomics)  2656256K->2652761K(8128000K), 24.1879147 secs]
[GC (Allocation Failure) [GC (Allocation Failure) [GC (Allocation Failure)  876608K->6852K(2075648K), 0.0195599 secs]
 879195K->6560K(2075136K), 0.0232925 secs]
 885324K->6726K(2172928K), 0.0290162 secs]
Init; 100607.751313 ms
[GC (Metadata GC Threshold)  552883K->216339K(2042880K), 0.2711274 secs]
[Full GC (Metadata GC Threshold)  216339K->215225K(1821184K), 2.4137468 secs]
[GC (Metadata GC Threshold)  565304K->216562K(2894848K), 0.2162324 secs]
[Full GC (Metadata GC Threshold) [GC (Metadata GC Threshold)  600872K->235288K(2032128K), 0.2727869 secs]
[Full GC (Metadata GC Threshold)  235288K->229796K(1779712K), 0.7293756 secs]
 216562K->215413K(2714624K), 2.7285626 secs]
Iter 0; 17892.212292; 14392.295517; 1912.996473; 1586.920302; 2602806; 2433910; 2506085; 2457199
[GC (Allocation Failure)  1042662K->333867K(1937920K), 0.1059479 secs]
[GC (Allocation Failure)  5684214K->2854785K(8772096K), 0.7372244 secs]
Iter 1; 21835.464829; 17282.883158; 1602.589766; 2949.991905; 1580472; 2960668; 3199565; 2259295
[GC (Allocation Failure)  1048458K->279011K(1906688K), 0.0377720 secs]
Iter 2; 15167.612833; 12100.862733; 973.691557; 2093.058543; 1473330; 2802115; 3091948; 2632607
[GC (Allocation Failure)  1161811K->333672K(2327040K), 0.1301137 secs]
Iter 3; 11320.152536; 9829.782049; 411.235701; 1079.134786; 2099536; 2511885; 2761182; 2627397
[GC (Allocation Failure)  1896821K->310440K(2831360K), 0.1084485 secs]
Iter 4; 12036.729632; 10027.784987; 422.818705; 1586.12594; 2409638; 2414179; 2600429; 2575754
[GC (Allocation Failure)  1097699K->353576K(2372608K), 0.1332963 secs]
Iter 5; 12341.13324; 9669.992409; 2154.043814; 517.097017; 2617278; 2337023; 2635522; 2410177
Iter 6; 10943.367096; 9592.445981; 405.786924; 945.134191; 2630848; 2302052; 2616898; 2450202
Iter 7; 10458.505878; 9534.615559; 392.499305; 531.391014; 2647913; 2286986; 2554255; 2510846
[GC (Allocation Failure)  1534824K->336916K(2352128K), 0.1147774 secs]
Iter 8; 12182.907982; 9544.824578; 389.174193; 2248.909211; 2702246; 2307799; 2551500; 2438455
Iter 9; 12365.777086; 9940.621788; 399.386297; 2025.769001; 2748429; 2258799; 2584826; 2407946
Iter 10; 10966.17814; 9693.868795; 400.935906; 871.373439; 2724621; 2257616; 2577375; 2440388
[GC (Allocation Failure)  1649448K->386214K(2397184K), 0.1820301 secs]
[GC (Allocation Failure)  6301048K->3074213K(8930304K), 0.4983035 secs]
Iter 11; 11736.042; 9503.596219; 1453.911349; 778.534432; 2685503; 2364219; 2571637; 2378641
[GC (Allocation Failure) [GC (Allocation Failure)  1991848K->369609K(3427840K), 0.1753692 secs]
 1538068K->383003K(2609664K), 0.1850966 secs]
Iter 12; 11929.953588; 9886.261457; 385.718914; 1657.973217; 2770494; 2153170; 2533072; 2543264
Iter 13; 10861.712262; 9782.36838; 588.505366; 490.838516; 2704326; 2206367; 2530937; 2558370
Iter 14; 10603.593807; 9563.486137; 539.010989; 501.096681; 2693540; 2216332; 2531891; 2558237
Iter 15; 10802.65572; 9573.599232; 737.152209; 491.904279; 2651518; 2233621; 2565573; 2549288
Iter 16; 11000.890388; 9249.817705; 1242.226593; 508.84609; 2613583; 2340471; 2570098; 2475848
[GC (Allocation Failure)  1682086K->447604K(2792448K), 0.1569893 secs]
Iter 17; 11264.393609; 9412.094244; 1359.294803; 493.004562; 2737812; 2331503; 2574988; 2355697
Iter 18; 10558.468936; 9672.172685; 393.050768; 493.245483; 2708720; 2306457; 2589348; 2395475
Iter 19; 10616.162761; 9719.810917; 406.811487; 489.540357; 2695611; 2288445; 2593990; 2421954
[GC (Allocation Failure) [GC (Allocation Failure)  1829403K->423059K(2635264K), 0.1728213 secs]
 2633161K->420388K(3489280K), 0.2330718 secs]
