Starting process <0> on on <c3793.ofp>
Starting process <2> on on <c3795.ofp>
Starting process <3> on on <c3796.ofp>
Starting process <1> on on <c3794.ofp>
[GC (Allocation Failure)  449536K->15009K(1723392K), 0.0314682 secs]
[GC (Allocation Failure)  449536K->14168K(1723392K), 0.0924291 secs]
[GC (Allocation Failure)  449536K->14614K(1723392K), 0.0299493 secs]
[GC (Allocation Failure)  463704K->4887K(1723392K), 0.0444710 secs]
[GC (Allocation Failure)  464545K->5640K(1723392K), 0.0442207 secs]
[GC (Allocation Failure)  464150K->5319K(1723392K), 0.0213691 secs]
[GC (Allocation Failure)  449536K->14501K(1723392K), 0.0555416 secs]
[GC (Allocation Failure)  454423K->6021K(1723392K), 0.0303891 secs]
[GC (Allocation Failure)  464037K->5196K(1723392K), 0.0209207 secs]
[GC (Allocation Failure)  455176K->6175K(1723392K), 0.0343134 secs]
[GC (Allocation Failure)  454855K->6005K(1723392K), 0.0135270 secs]
[GC (Allocation Failure)  454732K->5301K(1723392K), 0.0153616 secs]
[GC (Allocation Failure)  455711K->6323K(2172928K), 0.0306913 secs]
[GC (Allocation Failure)  455557K->5880K(2172928K), 0.0288783 secs]
[GC (Allocation Failure)  455541K->6656K(2172928K), 0.0151962 secs]
[GC (Allocation Failure)  454837K->6687K(2172928K), 0.0229790 secs]
[GC (Allocation Failure)  905395K->152224K(2172928K), 0.2083418 secs]
[GC (Allocation Failure)  1051296K->379287K(2972160K), 0.4457771 secs]
[GC (Allocation Failure)  2040215K->844517K(3109376K), 0.9082280 secs]
[GC (Allocation Failure)  2489578K->1489324K(4709888K), 1.3998747 secs]
[Full GC (Ergonomics) [GC (Allocation Failure)  904952K->7076K(2172928K), 0.0233043 secs]
 1489324K->1483856K(5890048K), 20.9218077 secs]
[GC (Allocation Failure)  4462314K->2692440K(6176256K), 1.3067532 secs]
[Full GC (Ergonomics)  2692440K->2652787K(8203776K), 19.2673220 secs]
[GC (Allocation Failure) [GC (Allocation Failure)  900771K->6770K(2172928K), 0.0183485 secs]
 854810K->6793K(2172928K), 0.0228529 secs]
Init; 82954.788512 ms
[GC (Metadata GC Threshold)  527712K->213369K(2896384K), 0.2652384 secs]
[Full GC (Metadata GC Threshold) [GC (Metadata GC Threshold)  553169K->216212K(2894336K), 0.2829692 secs]
[Full GC (Metadata GC Threshold)  213369K->212315K(2663936K), 2.4159813 secs]
 216212K->215171K(2677248K), 2.3825194 secs]
[GC (Metadata GC Threshold)  665698K->216957K(2893312K), 0.2797217 secs]
[Full GC (Metadata GC Threshold)  216957K->215774K(2744320K), 2.3990468 secs]
Iter 0; 17849.954518; 12614.78186; 1864.020845; 3371.151813; 2688083; 2417993; 2394247; 2499677
[GC (Allocation Failure)  5688381K->2829148K(8697856K), 0.2845839 secs]
Iter 1; 19008.727246; 15979.123521; 914.416249; 2115.187476; 1509982; 2974833; 3118239; 2396946
Iter 2; 11929.257845; 10889.360888; 445.520447; 594.37651; 1509710; 2799455; 3009796; 2681039
[GC (Allocation Failure)  1896579K->354774K(2793984K), 0.1639016 secs]
[GC (Allocation Failure)  1896477K->369570K(2861568K), 0.1813575 secs]
Iter 3; 14253.438204; 9921.011897; 1953.754215; 2378.672092; 2117091; 2558849; 2587761; 2736299
Iter 4; 12480.81343; 9582.51828; 804.338717; 2093.956433; 2315749; 2505898; 2635125; 2543228
[GC (Allocation Failure)  1895771K->300143K(2778624K), 0.0927016 secs]
Iter 5; 11843.545377; 9751.490963; 396.952779; 1695.101635; 2360571; 2448388; 2686824; 2504217
Iter 6; 10301.642117; 9413.698225; 399.043776; 488.900116; 2426947; 2401186; 2636643; 2535224
Iter 7; 10565.039271; 9398.432171; 397.800444; 768.806656; 2478298; 2387767; 2607658; 2526277
Iter 8; 10476.012959; 9604.512837; 390.13038; 481.369742; 2503455; 2372695; 2594751; 2529099
Iter 9; 10532.681379; 9314.810569; 714.752369; 503.118441; 2508130; 2378342; 2598914; 2514614
Iter 10; 11507.45075; 9541.786841; 401.981099; 1563.68281; 2442346; 2377589; 2695476; 2484589
[GC (Allocation Failure)  2035829K->399984K(3540480K), 0.1968734 secs]
Iter 11; 10690.633324; 9789.292952; 390.824232; 510.51614; 2478373; 2376334; 2648999; 2496294
[GC (Allocation Failure)  6145415K->2981617K(8877568K), 0.0824284 secs]
[GC (Allocation Failure)  2050466K->402310K(3397120K), 0.1882430 secs]
Iter 12; 12163.799072; 9327.734099; 1176.962529; 1659.102444; 2577427; 2335971; 2670682; 2415920
[GC (Allocation Failure)  1983523K->366604K(3531264K), 0.1836854 secs]
Iter 13; 11634.001618; 9437.280768; 1677.241885; 519.478965; 2676904; 2363582; 2674263; 2285251
Iter 14; 10516.68609; 9447.521249; 563.329993; 505.834848; 2634234; 2358246; 2675207; 2332313
Iter 15; 10208.558338; 9267.420876; 419.856463; 521.280999; 2617111; 2348737; 2641363; 2392789
Iter 16; 10716.259795; 9724.950322; 514.105519; 477.203954; 2612718; 2335674; 2600581; 2451027
Iter 17; 9915.720231; 9027.981552; 392.124536; 495.614143; 2609074; 2333921; 2595529; 2461476
Iter 18; 10400.707407; 9485.706753; 398.183645; 516.817009; 2605551; 2331092; 2588451; 2474906
Iter 19; 10553.970947; 9037.66625; 609.010838; 907.293859; 2609312; 2344855; 2593607; 2452226
[GC (Allocation Failure) [GC (Allocation Failure) [GC (Allocation Failure)  2790924K->401070K(3604480K), 0.1871853 secs]
 2585990K->412550K(3451392K), 0.1977407 secs]
 2791024K->444344K(3606528K), 0.2336589 secs]
