Starting process <0> on on <c3785.ofp>
Starting process <1> on on <c3786.ofp>
Starting process <3> on on <c3788.ofp>
Starting process <2> on on <c3787.ofp>
[GC (Allocation Failure)  449536K->15275K(1723392K), 0.1157106 secs]
[GC (Allocation Failure)  449536K->14471K(1723392K), 0.0385756 secs]
[GC (Allocation Failure)  464811K->5544K(1723392K), 0.0670411 secs]
[GC (Allocation Failure)  464007K->5000K(1723392K), 0.0620091 secs]
[GC (Allocation Failure)  449536K->14461K(1723392K), 0.0364104 secs]
[GC (Allocation Failure)  463997K->4852K(1723392K), 0.0395386 secs]
[GC (Allocation Failure)  449536K->14877K(1723392K), 0.0525061 secs]
[GC (Allocation Failure)  454536K->5956K(1723392K), 0.0309203 secs]
[GC (Allocation Failure)  464413K->5387K(1723392K), 0.0376593 secs]
[GC (Allocation Failure)  455080K->5552K(1723392K), 0.0535394 secs]
[GC (Allocation Failure)  454923K->5635K(1723392K), 0.0141115 secs]
[GC (Allocation Failure)  454388K->5892K(1723392K), 0.0419860 secs]
[GC (Allocation Failure)  455088K->6036K(2172928K), 0.0265050 secs]
[GC (Allocation Failure)  455492K->6428K(2172928K), 0.0292737 secs]
[GC (Allocation Failure)  455428K->6395K(2172928K), 0.0458932 secs]
[GC (Allocation Failure)  455171K->7104K(2172928K), 0.0156419 secs]
[GC (Allocation Failure)  905108K->161112K(2172928K), 0.2118221 secs]
[GC (Allocation Failure)  1060184K->387550K(2980352K), 0.3905881 secs]
[GC (Allocation Failure)  2050526K->863601K(3115520K), 0.8637099 secs]
[GC (Allocation Failure)  2526577K->1512583K(4724736K), 1.3907661 secs]
[Full GC (Ergonomics)  1512583K->1507134K(5908480K), 21.3085287 secs]
[GC (Allocation Failure)  905500K->7201K(2172928K), 0.0336453 secs]
[GC (Allocation Failure)  4423195K->2656280K(6195712K), 13.2337997 secs]
[Full GC (Ergonomics)  2656280K->2652731K(8134144K), 24.1926367 secs]
[GC (Allocation Failure) [GC (Allocation Failure)  886434K->6875K(2172928K), 0.0184541 secs]
 890426K->6709K(2172928K), 0.0275569 secs]
Init; 99986.79787 ms
[GC (Metadata GC Threshold)  562030K->216292K(2894336K), 0.2722417 secs]
[Full GC (Metadata GC Threshold)  216292K->215217K(2626048K), 2.3750104 secs]
[GC (Metadata GC Threshold)  582191K->216327K(2895360K), 0.2805009 secs]
[Full GC (Metadata GC Threshold) [GC (Metadata GC Threshold)  684766K->218399K(2893312K), 0.2242216 secs]
[Full GC (Metadata GC Threshold)  216327K->215281K(2674176K), 2.3842006 secs]
 218399K->217308K(2720256K), 2.6450539 secs]
Iter 0; 19486.405545; 14361.094703; 2475.710239; 2649.600603; 2667512; 2509951; 2313466; 2509071
[GC (Allocation Failure)  5691268K->2836348K(8757248K), 0.3070606 secs]
Iter 1; 18039.716405; 16627.808748; 786.094142; 625.813515; 1551479; 2837275; 2524351; 3086895
Iter 2; 13311.315299; 10989.942524; 932.102461; 1389.270314; 1602177; 2832958; 2724032; 2840833
[GC (Allocation Failure)  1897692K->327781K(2838016K), 0.1341077 secs]
[GC (Allocation Failure)  1896601K->354277K(2742784K), 0.1618293 secs]
Iter 3; 12745.050423; 10267.850135; 429.26453; 2047.935758; 2169784; 2519539; 2649428; 2661249
[GC (Allocation Failure)  1896889K->347690K(2790400K), 0.1497396 secs]
Iter 4; 13029.023238; 9982.332105; 1135.450508; 1911.240625; 2352435; 2493124; 2677187; 2477254
Iter 5; 11802.461329; 9636.045067; 389.036908; 1777.379354; 2419447; 2498846; 2692032; 2389675
Iter 6; 11723.919097; 9806.054803; 418.551366; 1499.312928; 2499591; 2479518; 2654608; 2366283
Iter 7; 11412.2837; 9270.504082; 395.415399; 1746.364219; 2416911; 2453015; 2781870; 2348204
Iter 8; 10973.112475; 9603.417179; 402.607406; 967.08789; 2552835; 2433521; 2710348; 2303296
Iter 9; 10223.274477; 9337.132004; 390.464735; 495.677738; 2566222; 2422013; 2675178; 2336587
[GC (Allocation Failure)  2035669K->402490K(3685888K), 0.2139155 secs]
Iter 10; 11849.332603; 9358.245681; 1780.895287; 710.191635; 2682782; 2429707; 2494704; 2392807
[GC (Allocation Failure)  2008165K->398702K(3440640K), 0.2037257 secs]
[GC (Allocation Failure)  2029610K->415412K(3556352K), 0.2440723 secs]
[GC (Allocation Failure)  6297980K->3056258K(8934912K), 0.1108483 secs]
Iter 11; 12521.9632; 9650.962271; 1603.33892; 1267.662009; 2639911; 2399256; 2540215; 2420618
Iter 12; 10421.99475; 9530.172766; 392.554394; 499.26759; 2613906; 2418243; 2545713; 2422138
Iter 13; 10408.578627; 9518.633793; 392.827441; 497.117393; 2605387; 2414176; 2557436; 2423001
Iter 14; 10276.44817; 9196.003582; 543.84796; 536.596628; 2603358; 2407731; 2562497; 2426414
Iter 15; 10021.775422; 9165.777618; 380.898678; 475.099126; 2595694; 2402345; 2563613; 2438348
Iter 16; 10594.916523; 9706.974157; 397.881509; 490.060857; 2589782; 2396209; 2571586; 2442423
Iter 17; 10697.895175; 9261.034507; 941.103695; 495.756973; 2634987; 2388667; 2598119; 2378227
Iter 18; 11325.21244; 9657.506196; 445.648901; 1222.057343; 2769273; 2401913; 2617261; 2211553
Iter 19; 11455.980069; 9983.699788; 386.725194; 1085.555087; 2801226; 2401460; 2604398; 2192916
[GC (Allocation Failure) [GC (Allocation Failure) [GC (Allocation Failure)  2659694K->415319K(3488256K), 0.1960065 secs]
 2990650K->443753K(3750912K), 0.2464244 secs]
 2830004K->451348K(3606016K), 0.2501760 secs]
