Starting process <0> on on <c3801.ofp>
Starting process <2> on on <c3803.ofp>
Starting process <3> on on <c3804.ofp>
Starting process <1> on on <c3802.ofp>
[GC (Allocation Failure)  449536K->14862K(1723392K), 0.0819366 secs]
[GC (Allocation Failure)  449536K->14595K(1723392K), 0.0988272 secs]
[GC (Allocation Failure)  449536K->14618K(1723392K), 0.0323664 secs]
[GC (Allocation Failure)  449536K->14523K(1723392K), 0.0319034 secs]
[GC (Allocation Failure)  464398K->5559K(1723392K), 0.0681868 secs]
[GC (Allocation Failure) [GC (Allocation Failure)  464131K->5381K(1723392K), 0.0180535 secs]
 464059K->5012K(1723392K), 0.0180768 secs]
[GC (Allocation Failure)  464154K->5593K(1723392K), 0.0196934 secs]
[GC (Allocation Failure)  455095K->5723K(1723392K), 0.0672740 secs]
[GC (Allocation Failure)  454917K->5260K(1723392K), 0.0375363 secs]
[GC (Allocation Failure)  454548K->5705K(1723392K), 0.0217025 secs]
[GC (Allocation Failure)  455129K->5176K(1723392K), 0.0259495 secs]
[GC (Allocation Failure)  455259K->6495K(2172928K), 0.0409931 secs]
[GC (Allocation Failure)  454712K->6184K(2172928K), 0.0409520 secs]
[GC (Allocation Failure)  454796K->6123K(2172928K), 0.0233632 secs]
[GC (Allocation Failure)  455241K->6379K(2172928K), 0.0229635 secs]
[GC (Allocation Failure)  905567K->164851K(2172928K), 0.2171532 secs]
[GC (Allocation Failure)  1063923K->390898K(2982912K), 0.4180910 secs]
[GC (Allocation Failure)  2054386K->870657K(3117568K), 0.8739520 secs]
[GC (Allocation Failure)  2534145K->1514595K(4731392K), 1.3421518 secs]
[Full GC (Ergonomics)  1514595K->1509632K(5913600K), 22.2375403 secs]
[GC (Allocation Failure) [GC (Allocation Failure)  905256K->6377K(2172928K), 0.0401708 secs]
 4357451K->2656264K(6198784K), 11.9358833 secs]
[Full GC (Ergonomics)  2656264K->2652765K(8142336K), 24.1770896 secs]
[GC (Allocation Failure) [GC (Allocation Failure)  867240K->6801K(2172928K), 0.0180176 secs]
 888154K->6545K(2172928K), 0.0359467 secs]
Init; 99623.696074 ms
[GC (Metadata GC Threshold)  577534K->216323K(2894336K), 0.2781687 secs]
[Full GC (Metadata GC Threshold) [GC (Metadata GC Threshold) [GC (Metadata GC Threshold)  655808K->216465K(2894848K), 0.2225733 secs]
[Full GC (Metadata GC Threshold)  574612K->216651K(2894848K), 0.2332047 secs]
[Full GC (Metadata GC Threshold)  216323K->215265K(2717696K), 2.4037588 secs]
 216651K->215577K(2722816K), 2.4405027 secs]
 216465K->215377K(2745344K), 2.4639908 secs]
Iter 0; 19205.050922; 14276.67024; 1906.256757; 3022.123925; 2638652; 2337622; 2695281; 2328445
[GC (Allocation Failure)  5694496K->2853580K(8771072K), 0.3108105 secs]
Iter 1; 19392.390947; 15910.074579; 1329.208889; 2153.107479; 1638773; 3171847; 2754175; 2435205
[GC (Allocation Failure)  1892201K->362358K(2839552K), 0.1661545 secs]
Iter 2; 15442.10734; 11931.519478; 1385.403937; 2125.183925; 1474572; 2977253; 3068822; 2479353
[GC (Allocation Failure)  1894911K->345272K(2834432K), 0.1438055 secs]
[GC (Allocation Failure)  1896785K->345961K(2862080K), 0.1455737 secs]
Iter 3; 13293.416998; 9908.920755; 1431.437692; 1953.058551; 2049693; 2603795; 2724288; 2622224
Iter 4; 11075.992574; 9716.150642; 406.372114; 953.469818; 2268870; 2530136; 2606503; 2594491
Iter 5; 11297.71096; 9703.561169; 399.857157; 1194.292634; 2356284; 2532250; 2565699; 2545767
Iter 6; 10160.617185; 9238.290469; 413.27793; 509.048786; 2391890; 2515573; 2553756; 2538781
Iter 7; 9732.255414; 8820.197072; 390.787442; 521.2709; 2426986; 2491815; 2542418; 2538781
Iter 8; 9850.477082; 8895.208154; 389.771733; 565.497195; 2440813; 2492251; 2529583; 2537353
[GC (Allocation Failure)  2042075K->428209K(3465216K), 0.2187429 secs]
Iter 9; 11007.480532; 9194.054323; 1321.311644; 492.114565; 2473779; 2503197; 2530577; 2492447
Iter 10; 9664.962061; 8781.027495; 384.663865; 499.270701; 2479370; 2502467; 2525716; 2492447
[GC (Allocation Failure)  6305059K->3051315K(8936448K), 0.0941379 secs]
Iter 11; 9785.103944; 8810.033718; 390.303832; 584.766394; 2477883; 2502973; 2525124; 2494020
[GC (Allocation Failure)  2026680K->359669K(3428352K), 0.1666387 secs]
Iter 12; 10617.68137; 8962.804672; 448.17038; 1206.706318; 2521562; 2531094; 2530947; 2416397
[GC (Allocation Failure)  2027369K->378807K(3391488K), 0.1813678 secs]
Iter 13; 10455.84175; 9556.715501; 400.142167; 498.984082; 2526286; 2511505; 2531884; 2430325
Iter 14; 10219.251672; 9320.749443; 393.727741; 504.774488; 2523940; 2506603; 2527368; 2442089
Iter 15; 10070.412915; 8731.886822; 859.276041; 479.250052; 2526819; 2510905; 2529306; 2432970
Iter 16; 9912.456954; 9019.875811; 391.481922; 501.099221; 2527349; 2487581; 2534126; 2450944
Iter 17; 10614.372491; 9160.818862; 960.672594; 492.881035; 2536322; 2490253; 2561051; 2412374
Iter 18; 10836.072819; 9159.831373; 1174.026126; 502.21532; 2616299; 2499788; 2561402; 2322511
Iter 19; 10375.707765; 9459.176006; 422.796615; 493.735144; 2591101; 2499840; 2541384; 2367675
[GC (Allocation Failure) [GC (Allocation Failure) [GC (Allocation Failure)  2620661K->389276K(3497472K), 0.1912142 secs]
 2694833K->453403K(3512832K), 0.2098908 secs]
 2557367K->409541K(3441664K), 0.2087663 secs]
