Starting process <1> on on <c0912.ofp>
Starting process <0> on on <c0911.ofp>
Starting process <2> on on <c0913.ofp>
Starting process <3> on on <c0914.ofp>
[GC (Allocation Failure)  449536K->15173K(1723392K), 0.0321366 secs]
[GC (Allocation Failure)  449536K->14658K(1723392K), 0.0566265 secs]
[GC (Allocation Failure)  449536K->14745K(1723392K), 0.0635802 secs]
[GC (Allocation Failure)  464709K->5607K(1723392K), 0.0265881 secs]
[GC (Allocation Failure)  449536K->14698K(1723392K), 0.0341279 secs]
[GC (Allocation Failure)  464194K->5128K(1723392K), 0.0364834 secs]
[GC (Allocation Failure)  464281K->5220K(1723392K), 0.0179241 secs]
[GC (Allocation Failure)  464234K->4916K(1723392K), 0.0350871 secs]
[GC (Allocation Failure)  455143K->5855K(1723392K), 0.0215435 secs]
[GC (Allocation Failure)  454664K->5685K(1723392K), 0.0168971 secs]
[GC (Allocation Failure)  454756K->5484K(1723392K), 0.0223430 secs]
[GC (Allocation Failure)  454452K->5693K(1723392K), 0.0333894 secs]
[GC (Allocation Failure)  455391K->6331K(2172928K), 0.0302424 secs]
[GC (Allocation Failure)  455221K->6428K(2172928K), 0.0221309 secs]
[GC (Allocation Failure)  455229K->6584K(2172928K), 0.0162313 secs]
[GC (Allocation Failure)  455020K->6320K(2172928K), 0.0166981 secs]
[GC (Allocation Failure)  905403K->167062K(2172928K), 0.2201477 secs]
[GC (Allocation Failure)  1066134K->398742K(2982912K), 0.4068081 secs]
[GC (Metadata GC Threshold) [GC (Allocation Failure)  905392K->63811K(2172928K), 0.0345319 secs]
[GC (Allocation Failure)  905656K->67224K(2172928K), 0.0490321 secs]
 1718586K->703464K(3119616K), 0.4193314 secs]
[Full GC (Metadata GC Threshold) [GC (Allocation Failure)  905500K->85582K(2172928K), 0.0508004 secs]
 703464K->700715K(3610112K), 8.4680574 secs]
Init; 19140.181493 ms
[GC (Metadata GC Threshold) [GC (Metadata GC Threshold)  301336K->109311K(3028480K), 0.0976879 secs]
[Full GC (Metadata GC Threshold)  301658K->107839K(3003904K), 0.1042401 secs]
[Full GC (Metadata GC Threshold)  109311K->108306K(2628608K), 0.4749582 secs]
 107839K->107246K(2723840K), 1.1195762 secs]
[GC (Metadata GC Threshold)  315881K->65395K(3030528K), 0.0683213 secs]
[Full GC (Metadata GC Threshold)  65395K->64888K(2488832K), 0.3204213 secs]
Iter 0; 7146.866827; 3275.399313; 2797.613229; 1073.854285; 630000; 630000; 620000; 620000
Iter 1; 4121.978416; 2754.229846; 663.477722; 704.270848; 630000; 630000; 620000; 620000
Iter 2; 3615.546739; 2504.917762; 466.42431; 644.204667; 630000; 630000; 620000; 620000
Iter 3; 3563.358417; 2586.407155; 437.952427; 538.998835; 630000; 630000; 620000; 620000
Iter 4; 3607.308281; 2571.026813; 478.131226; 558.150242; 630000; 630000; 620000; 620000
[GC (Allocation Failure)  2362009K->719028K(3685376K), 0.0362946 secs]
Iter 5; 3585.271538; 2609.711654; 453.380847; 522.179037; 630000; 630000; 620000; 620000
Iter 6; 3474.098822; 2494.138296; 442.95883; 537.001696; 630000; 630000; 620000; 620000
Iter 7; 3471.90133; 2491.986622; 433.593472; 546.321236; 630000; 630000; 620000; 620000
Iter 8; 3458.371655; 2524.896286; 420.40194; 513.073429; 630000; 630000; 620000; 620000
Iter 9; 3544.193092; 2576.088949; 425.552213; 542.55193; 630000; 630000; 620000; 620000
Iter 10; 3477.292599; 2515.938187; 426.678622; 534.67579; 630000; 630000; 620000; 620000
Iter 11; 3466.876179; 2515.377969; 420.370066; 531.128144; 630000; 630000; 620000; 620000
[GC (Allocation Failure)  1842193K->108366K(2509312K), 0.0561817 secs]
Iter 12; 3507.277063; 2500.81973; 485.201375; 521.255958; 630000; 630000; 620000; 620000
[GC (Allocation Failure)  1871122K->164245K(2663936K), 0.0567143 secs]
[GC (Allocation Failure)  1860334K->195809K(2768896K), 0.0913837 secs]
Iter 13; 3474.060964; 2450.304224; 503.837981; 519.918759; 630000; 630000; 620000; 620000
[GC (Allocation Failure)  2696372K->733541K(3879424K), 0.0463956 secs]
Iter 14; 3442.992095; 2480.831014; 455.242194; 506.918887; 630000; 630000; 620000; 620000
Iter 15; 3433.270887; 2494.723805; 419.435102; 519.11198; 630000; 630000; 620000; 620000
Iter 16; 3397.830005; 2477.421927; 405.612253; 514.795825; 630000; 630000; 620000; 620000
Iter 17; 3408.940548; 2480.228433; 414.623948; 514.088167; 630000; 630000; 620000; 620000
Iter 18; 3439.120829; 2526.338864; 412.56566; 500.216305; 630000; 630000; 620000; 620000
Iter 19; 3489.052214; 2565.000703; 407.946297; 516.105214; 630000; 630000; 620000; 620000
[GC (Allocation Failure) [GC (Allocation Failure) [GC (Allocation Failure)  1927061K->170978K(3334656K), 0.0609348 secs]
 1886030K->129281K(3540480K), 0.0712368 secs]
 1948897K->169458K(3091968K), 0.0784457 secs]
