Starting process <3> on on <c0926.ofp>
Starting process <1> on on <c0924.ofp>
Starting process <0> on on <c0923.ofp>
Starting process <2> on on <c0925.ofp>
[GC (Allocation Failure)  449536K->15354K(1723392K), 0.0581279 secs]
[GC (Allocation Failure)  449536K->14258K(1723392K), 0.0338714 secs]
[GC (Allocation Failure)  463794K->5011K(1723392K), 0.0162899 secs]
[GC (Allocation Failure)  449536K->14698K(1723392K), 0.0870070 secs]
[GC (Allocation Failure)  464890K->5704K(1723392K), 0.0354057 secs]
[GC (Allocation Failure)  464234K->4999K(1723392K), 0.0375384 secs]
[GC (Allocation Failure)  449536K->14767K(1723392K), 0.0875827 secs]
[GC (Allocation Failure)  464303K->5547K(1723392K), 0.0380813 secs]
[GC (Allocation Failure)  454547K->5956K(1723392K), 0.0177102 secs]
[GC (Allocation Failure)  455240K->5532K(1723392K), 0.0272614 secs]
[GC (Allocation Failure)  455083K->5172K(1723392K), 0.0397677 secs]
[GC (Allocation Failure)  454535K->5849K(1723392K), 0.0245713 secs]
[GC (Allocation Failure)  455068K->6163K(2172928K), 0.0500688 secs]
[GC (Allocation Failure)  455492K->6416K(2172928K), 0.0191381 secs]
[GC (Allocation Failure)  455385K->6352K(2172928K), 0.0416003 secs]
[GC (Allocation Failure)  454708K->6540K(2172928K), 0.0224354 secs]
[GC (Allocation Failure)  905235K->159002K(2172928K), 0.2102370 secs]
[GC (Allocation Failure)  1058074K->386248K(2978816K), 0.4019878 secs]
[GC (Metadata GC Threshold)  1740608K->788119K(3114496K), 0.4313390 secs]
[Full GC (Metadata GC Threshold) [GC (Allocation Failure)  905488K->34884K(2103808K), 0.0223675 secs]
[GC (Allocation Failure)  905424K->34738K(2172928K), 0.0370127 secs]
 788119K->784703K(3728896K), 8.1679736 secs]
[GC (Allocation Failure)  905612K->64459K(2172928K), 0.0297701 secs]
Init; 19865.627949 ms
[GC (Metadata GC Threshold)  213492K->62082K(2072064K), 0.0904145 secs]
[Full GC (Metadata GC Threshold)  62082K->61470K(1677312K), 0.5558496 secs]
[GC (Metadata GC Threshold) [GC (Metadata GC Threshold)  295409K->74724K(2997248K), 0.0807954 secs]
[Full GC (Metadata GC Threshold)  282180K->65424K(3028480K), 0.0750518 secs]
[Full GC (Metadata GC Threshold)  65424K->64987K(2439168K), 0.2641495 secs]
 74724K->74064K(2520576K), 0.5834791 secs]
Iter 0; 6535.867841; 2929.942147; 2529.606479; 1076.319215; 630000; 620000; 620000; 630000
Iter 1; 3889.746321; 2602.576069; 585.181324; 701.988928; 630000; 620000; 620000; 630000
Iter 2; 3748.354845; 2661.053426; 461.646313; 625.655106; 630000; 620000; 620000; 630000
Iter 3; 3454.23682; 2481.520295; 429.94939; 542.767135; 630000; 620000; 620000; 630000
Iter 4; 3490.038872; 2510.932209; 464.742106; 514.364557; 630000; 620000; 620000; 630000
[GC (Allocation Failure)  2447167K->825593K(3854336K), 0.0538356 secs]
[GC (Allocation Failure)  902469K->129041K(1722368K), 0.0310616 secs]
Iter 5; 3588.19588; 2552.366528; 424.338833; 611.490519; 630000; 620000; 620000; 630000
Iter 6; 3334.794271; 2378.398464; 422.955514; 533.440293; 630000; 620000; 620000; 630000
Iter 7; 3410.196488; 2443.343877; 429.284271; 537.56834; 630000; 620000; 620000; 630000
Iter 8; 3323.899387; 2374.517256; 425.926172; 523.455959; 630000; 620000; 620000; 630000
Iter 9; 3370.76561; 2436.151441; 412.569292; 522.044877; 630000; 620000; 620000; 630000
Iter 10; 3361.840334; 2409.423207; 424.625599; 527.791528; 630000; 620000; 620000; 630000
[GC (Allocation Failure)  1840464K->117046K(2552320K), 0.0484340 secs]
Iter 11; 3366.587592; 2360.002984; 418.826088; 587.75852; 630000; 620000; 620000; 630000
[GC (Allocation Failure)  990573K->148971K(1984512K), 0.0825376 secs]
Iter 12; 3445.536929; 2433.353006; 496.085391; 516.098532; 630000; 620000; 620000; 630000
[GC (Allocation Failure)  1842139K->138251K(2460160K), 0.0904297 secs]
Iter 13; 3415.457316; 2432.250144; 407.169123; 576.038049; 630000; 620000; 620000; 630000
[GC (Allocation Failure)  2824955K->863206K(4087296K), 0.0921928 secs]
Iter 14; 3412.848667; 2387.084209; 507.463507; 518.300951; 630000; 620000; 620000; 630000
Iter 15; 3299.175512; 2382.306902; 401.829006; 515.039604; 630000; 620000; 620000; 630000
Iter 16; 3266.660772; 2351.99324; 401.085927; 513.581605; 630000; 620000; 620000; 630000
Iter 17; 3334.104477; 2418.571204; 409.460521; 506.072752; 630000; 620000; 620000; 630000
Iter 18; 3281.794848; 2374.781311; 398.883059; 508.130478; 630000; 620000; 620000; 630000
Iter 19; 3263.957732; 2366.917413; 400.671526; 496.368793; 630000; 620000; 620000; 630000
[GC (Allocation Failure) [GC (Allocation Failure)  1254379K->125574K(1999872K), 0.0552395 secs]
 1883446K->138008K(3416576K), 0.0833639 secs]
