Starting process <2> on on <c0917.ofp>
Starting process <3> on on <c0918.ofp>
Starting process <0> on on <c0915.ofp>
Starting process <1> on on <c0916.ofp>
[GC (Allocation Failure)  449536K->15209K(1723392K), 0.0349406 secs]
[GC (Allocation Failure)  449536K->14538K(1723392K), 0.0342114 secs]
[GC (Allocation Failure)  449536K->14373K(1723392K), 0.0339305 secs]
[GC (Allocation Failure)  464745K->5591K(1723392K), 0.0240114 secs]
[GC (Allocation Failure)  449536K->14887K(1723392K), 0.0359277 secs]
[GC (Allocation Failure)  463909K->5181K(1723392K), 0.0201692 secs]
[GC (Allocation Failure)  464074K->5092K(1723392K), 0.0266321 secs]
[GC (Allocation Failure) [GC (Allocation Failure)  455127K->5872K(1723392K), 0.0166326 secs]
 464423K->5796K(1723392K), 0.0232639 secs]
[GC (Allocation Failure)  454717K->5628K(1723392K), 0.0182510 secs]
[GC (Allocation Failure)  454628K->5720K(1723392K), 0.0235818 secs]
[GC (Allocation Failure)  455332K->5849K(1723392K), 0.0433988 secs]
[GC (Allocation Failure)  455408K->6849K(2172928K), 0.0195201 secs]
[GC (Allocation Failure)  455385K->6303K(2172928K), 0.0164258 secs]
[GC (Allocation Failure)  455164K->6375K(2172928K), 0.0193273 secs]
[GC (Allocation Failure)  455256K->6271K(2172928K), 0.0381725 secs]
[GC (Allocation Failure)  905921K->157179K(2172928K), 0.2085548 secs]
[GC (Allocation Failure)  1056251K->391522K(2972160K), 0.4441970 secs]
[GC (Metadata GC Threshold) [GC (Allocation Failure) [GC (Allocation Failure) [GC (Allocation Failure)  905343K->63409K(2172928K), 0.0527924 secs]
 905375K->64562K(2172928K), 0.0249037 secs]
 905447K->63357K(2172928K), 0.0322018 secs]
 1722393K->703187K(3112448K), 0.4870084 secs]
[Full GC (Metadata GC Threshold)  703187K->700724K(3604480K), 8.9912844 secs]
Init; 19792.408409 ms
[GC (Metadata GC Threshold) [GC (Metadata GC Threshold)  317320K->107835K(3003392K), 0.1080904 secs]
[Full GC (Metadata GC Threshold)  325403K->109227K(3003904K), 0.1143441 secs]
[Full GC (Metadata GC Threshold)  109227K->108659K(2627584K), 0.7122856 secs]
 107835K->107244K(2660352K), 0.7573774 secs]
[GC (Metadata GC Threshold)  319595K->65448K(3027456K), 0.0720707 secs]
[Full GC (Metadata GC Threshold)  65448K->64953K(2538496K), 0.3393272 secs]
Iter 0; 6636.272382; 2875.243797; 2635.959635; 1125.06895; 630000; 620000; 620000; 630000
Iter 1; 4360.1219; 3089.746157; 540.35496; 730.020783; 630000; 620000; 620000; 630000
Iter 2; 3943.232058; 2890.465509; 444.837502; 607.929047; 630000; 620000; 620000; 630000
Iter 3; 3446.418201; 2502.22314; 419.602005; 524.593056; 630000; 620000; 620000; 630000
Iter 4; 3567.221901; 2568.914026; 475.767936; 522.539939; 630000; 620000; 620000; 630000
[GC (Allocation Failure)  2358122K->721077K(3687424K), 0.0302242 secs]
Iter 5; 3476.018985; 2506.454157; 415.352139; 554.212689; 630000; 620000; 620000; 630000
Iter 6; 3491.740736; 2509.351699; 443.61928; 538.769757; 630000; 620000; 620000; 630000
Iter 7; 3425.685242; 2472.041136; 427.483197; 526.160909; 630000; 620000; 620000; 630000
Iter 8; 3429.169956; 2470.889554; 427.306226; 530.974176; 630000; 620000; 620000; 630000
Iter 9; 3485.136837; 2519.423234; 425.096043; 540.61756; 630000; 620000; 620000; 630000
Iter 10; 3419.835744; 2478.568216; 420.342767; 520.924761; 630000; 620000; 620000; 630000
[GC (Allocation Failure)  1842105K->109194K(2559488K), 0.0569799 secs]
Iter 11; 3493.542499; 2477.244173; 423.622631; 592.675695; 630000; 620000; 620000; 630000
Iter 12; 3369.912221; 2450.390004; 410.558082; 508.964135; 630000; 620000; 620000; 630000
[GC (Allocation Failure) [GC (Allocation Failure)  1861235K->157144K(2673152K), 0.0449523 secs]
 1860332K->166944K(2705408K), 0.0700159 secs]
Iter 13; 3432.486421; 2459.952678; 405.860216; 566.673527; 630000; 620000; 620000; 630000
[GC (Allocation Failure)  2696788K->733361K(3880448K), 0.0426243 secs]
Iter 14; 3442.883346; 2519.653224; 409.653167; 513.576955; 630000; 620000; 620000; 630000
Iter 15; 3383.812734; 2459.788911; 411.612024; 512.411799; 630000; 620000; 620000; 630000
Iter 16; 3419.219522; 2498.285453; 409.769301; 511.164768; 630000; 620000; 620000; 630000
Iter 17; 3462.452204; 2532.229602; 412.433025; 517.789577; 630000; 620000; 620000; 630000
Iter 18; 3446.584751; 2522.577589; 408.351809; 515.655353; 630000; 620000; 620000; 630000
Iter 19; 3397.24756; 2469.387935; 411.134144; 516.725481; 630000; 620000; 620000; 630000
[GC (Allocation Failure) [GC (Allocation Failure) [GC (Allocation Failure)  1909720K->169551K(3278336K), 0.0675424 secs]
 1886346K->129406K(3389440K), 0.0713745 secs]
 1920032K->169404K(3210240K), 0.0754352 secs]
