Starting process <1> on on <c0908.ofp>
Starting process <3> on on <c0910.ofp>
Starting process <0> on on <c0907.ofp>
Starting process <2> on on <c0909.ofp>
[GC (Allocation Failure)  449536K->14963K(1723392K), 0.0815964 secs]
[GC (Allocation Failure)  449536K->14669K(1723392K), 0.0291618 secs]
[GC (Allocation Failure)  449536K->14612K(1723392K), 0.1042541 secs]
[GC (Allocation Failure)  449536K->14333K(1723392K), 0.0843379 secs]
[GC (Allocation Failure)  464205K->5172K(1723392K), 0.0213697 secs]
[GC (Allocation Failure)  464499K->5555K(1723392K), 0.0434242 secs]
[GC (Allocation Failure)  464148K->5645K(1723392K), 0.0539428 secs]
[GC (Allocation Failure)  463869K->4924K(1723392K), 0.0291696 secs]
[GC (Allocation Failure)  455091K->5727K(1723392K), 0.0439977 secs]
[GC (Allocation Failure)  454708K->5961K(1723392K), 0.0312331 secs]
[GC (Allocation Failure)  454460K->5760K(1723392K), 0.0328231 secs]
[GC (Allocation Failure)  455181K->5231K(1723392K), 0.0347980 secs]
[GC (Allocation Failure)  455263K->7600K(2172928K), 0.0198529 secs]
[GC (Allocation Failure)  455497K->6511K(2172928K), 0.0230695 secs]
[GC (Allocation Failure)  455296K->6231K(2172928K), 0.0490899 secs]
[GC (Allocation Failure)  454767K->6352K(2172928K), 0.0421964 secs]
[GC (Allocation Failure)  906672K->171268K(2172928K), 0.2325247 secs]
[GC (Allocation Failure)  1070340K->391506K(2991616K), 0.4051709 secs]
[GC (Metadata GC Threshold) [GC (Allocation Failure) [GC (Allocation Failure)  905424K->75198K(2172928K), 0.0562642 secs]
 1646709K->703420K(3121664K), 0.5087854 secs]
[Full GC (Metadata GC Threshold)  905583K->82107K(2172928K), 0.0569466 secs]
[GC (Allocation Failure)  902317K->87622K(2172928K), 0.0812014 secs]
 703420K->700688K(3603456K), 8.8569705 secs]
Init; 19502.626713 ms
[GC (Metadata GC Threshold) [GC (Metadata GC Threshold)  307679K->108979K(3023360K), 0.0983249 secs]
[Full GC (Metadata GC Threshold)  309073K->108811K(3013632K), 0.1018563 secs]
[Full GC (Metadata GC Threshold)  108979K->107866K(2648576K), 0.5499962 secs]
 108811K->107803K(2593280K), 0.6413542 secs]
[GC (Metadata GC Threshold)  311282K->66653K(3055104K), 0.0658861 secs]
[Full GC (Metadata GC Threshold)  66653K->65460K(2535936K), 0.4078116 secs]
Iter 0; 6569.753487; 2873.217794; 2570.756636; 1125.779057; 630000; 620000; 620000; 630000
Iter 1; 4490.079347; 3163.195514; 612.092946; 714.790887; 630000; 620000; 620000; 630000
Iter 2; 3648.860067; 2589.656926; 451.877687; 607.325454; 630000; 620000; 620000; 630000
Iter 3; 4002.740417; 3027.125465; 436.91508; 538.699872; 630000; 620000; 620000; 630000
Iter 4; 3635.238656; 2638.785238; 465.877955; 530.575463; 630000; 620000; 620000; 630000
[GC (Allocation Failure)  2368784K->762318K(3764736K), 0.0770186 secs]
Iter 5; 3711.112959; 2678.808307; 500.536461; 531.768191; 630000; 620000; 620000; 630000
Iter 6; 3598.177065; 2622.342875; 438.076388; 537.757802; 630000; 620000; 620000; 630000
Iter 7; 3532.764627; 2593.43399; 424.19039; 515.140247; 630000; 620000; 620000; 630000
Iter 8; 3541.398954; 2585.967845; 422.354269; 533.07684; 630000; 620000; 620000; 630000
Iter 9; 3467.848898; 2504.10736; 423.46348; 540.278058; 630000; 620000; 620000; 630000
Iter 10; 3535.660253; 2573.677621; 426.083776; 535.898856; 630000; 620000; 620000; 630000
Iter 11; 3501.969336; 2550.461028; 426.097476; 525.410832; 630000; 620000; 620000; 630000
[GC (Allocation Failure)  1862939K->185683K(2636288K), 0.0705171 secs]
Iter 12; 3558.405208; 2541.989051; 494.952189; 521.463968; 630000; 620000; 620000; 630000
[GC (Allocation Failure)  1868122K->191098K(2686464K), 0.0783558 secs]
[GC (Allocation Failure)  1853876K->149884K(2545664K), 0.0744982 secs]
[GC (Allocation Failure)  2783546K->732386K(3939840K), 0.0431934 secs]
Iter 13; 3588.86989; 2526.733154; 490.149037; 571.987699; 630000; 620000; 620000; 630000
Iter 14; 3400.874503; 2500.190196; 396.656802; 504.027505; 630000; 620000; 620000; 630000
Iter 15; 3405.876186; 2502.132363; 400.096217; 503.647606; 630000; 620000; 620000; 630000
Iter 16; 3445.307774; 2523.19149; 408.129235; 513.987049; 630000; 620000; 620000; 630000
Iter 17; 3423.195759; 2512.041882; 402.007941; 509.145936; 630000; 620000; 620000; 630000
Iter 18; 3439.758432; 2513.783435; 411.350709; 514.624288; 630000; 620000; 620000; 630000
Iter 19; 3464.450434; 2549.490239; 408.283834; 506.676361; 630000; 620000; 620000; 630000
[GC (Allocation Failure) [GC (Allocation Failure) [GC (Allocation Failure)  1940819K->170434K(3380224K), 0.0753263 secs]
 1951354K->170440K(3282432K), 0.0735889 secs]
 1938300K->133714K(3493376K), 0.0722546 secs]
