Starting process <3> on on <c0922.ofp>
Starting process <0> on on <c0919.ofp>
Starting process <1> on on <c0920.ofp>
Starting process <2> on on <c0921.ofp>
[GC (Allocation Failure)  449536K->14926K(1723392K), 0.0834603 secs]
[GC (Allocation Failure)  449536K->14439K(1723392K), 0.0294393 secs]
[GC (Allocation Failure)  449536K->14658K(1723392K), 0.0725483 secs]
[GC (Allocation Failure)  463975K->5011K(1723392K), 0.0219576 secs]
[GC (Allocation Failure)  464462K->5611K(1723392K), 0.0566276 secs]
[GC (Allocation Failure)  464194K->5205K(1723392K), 0.0227539 secs]
[GC (Allocation Failure)  449536K->14601K(1723392K), 0.0301876 secs]
[GC (Allocation Failure)  464137K->5056K(1723392K), 0.0370072 secs]
[GC (Allocation Failure)  454547K->6101K(1723392K), 0.0219799 secs]
[GC (Allocation Failure)  455147K->5687K(1723392K), 0.0232655 secs]
[GC (Allocation Failure)  454741K->5781K(1723392K), 0.0512586 secs]
[GC (Allocation Failure)  454592K->5095K(1723392K), 0.0212602 secs]
[GC (Allocation Failure)  455223K->6027K(2172928K), 0.0160533 secs]
[GC (Allocation Failure)  455637K->6615K(2172928K), 0.0300346 secs]
[GC (Allocation Failure)  455317K->6544K(2172928K), 0.0228019 secs]
[GC (Allocation Failure)  454631K->6828K(2172928K), 0.0152665 secs]
[GC (Allocation Failure)  905099K->162785K(2172928K), 0.2210968 secs]
[GC (Allocation Failure)  1061857K->388380K(2981888K), 0.4291570 secs]
[GC (Metadata GC Threshold)  1746507K->787895K(3116544K), 0.4860682 secs]
[Full GC (Metadata GC Threshold) [GC (Allocation Failure)  905616K->70670K(2172928K), 0.0393701 secs]
[GC (Allocation Failure)  905687K->34839K(2172928K), 0.0316104 secs]
 787895K->784708K(3725312K), 7.7217922 secs]
[GC (Allocation Failure)  905900K->62883K(2172928K), 0.0583351 secs]
Init; 19390.041589 ms
[GC (Metadata GC Threshold) [GC (Metadata GC Threshold)  324394K->109098K(3009536K), 0.1146977 secs]
[Full GC (Metadata GC Threshold)  283986K->108595K(2978304K), 0.1127025 secs]
[Full GC (Metadata GC Threshold)  108595K->107982K(2669568K), 0.8300360 secs]
 109098K->108543K(2682368K), 1.0764225 secs]
[GC (Metadata GC Threshold)  298852K->64605K(3026944K), 0.0754878 secs]
[Full GC (Metadata GC Threshold)  64605K->64153K(2482688K), 0.3745523 secs]
Iter 0; 6711.756962; 2898.787451; 2727.24542; 1085.724091; 630000; 620000; 630000; 620000
Iter 1; 3851.621968; 2546.860243; 588.149608; 716.612117; 630000; 620000; 630000; 620000
Iter 2; 3618.649401; 2552.858071; 447.839072; 617.952258; 630000; 620000; 630000; 620000
Iter 3; 3503.750982; 2513.922574; 440.878633; 548.949775; 630000; 620000; 630000; 620000
Iter 4; 3586.066734; 2574.575606; 478.403379; 533.087749; 630000; 620000; 630000; 620000
[GC (Allocation Failure)  2448196K->809496K(3847680K), 0.0349218 secs]
Iter 5; 3499.823589; 2533.195505; 425.912356; 540.715728; 630000; 620000; 630000; 620000
Iter 6; 3502.741739; 2533.216449; 434.174073; 535.351217; 630000; 620000; 630000; 620000
Iter 7; 3475.245407; 2518.031488; 422.318683; 534.895236; 630000; 620000; 630000; 620000
Iter 8; 3510.110676; 2557.121647; 423.942292; 529.046737; 630000; 620000; 630000; 620000
Iter 9; 3426.338133; 2459.782909; 425.195977; 541.359247; 630000; 620000; 630000; 620000
Iter 10; 3502.572655; 2518.480557; 428.857712; 555.234386; 630000; 620000; 630000; 620000
Iter 11; 3535.953063; 2573.724551; 428.811424; 533.417088; 630000; 620000; 630000; 620000
[GC (Allocation Failure)  1840852K->107726K(2503680K), 0.0487668 secs]
Iter 12; 3497.223272; 2500.947554; 476.053869; 520.221849; 630000; 620000; 630000; 620000
[GC (Allocation Failure) [GC (Allocation Failure)  1855438K->151899K(2720256K), 0.0437172 secs]
 1862655K->173533K(2726400K), 0.0734992 secs]
Iter 13; 3571.617457; 2588.364429; 469.168309; 514.084719; 630000; 620000; 630000; 620000
[GC (Allocation Failure)  2824186K->858407K(4101120K), 0.0926408 secs]
Iter 14; 3495.034547; 2488.748604; 495.350928; 510.935015; 630000; 620000; 630000; 620000
Iter 15; 3390.07113; 2470.985535; 403.746447; 515.339148; 630000; 620000; 630000; 620000
Iter 16; 3429.947701; 2523.834999; 404.111686; 502.001016; 630000; 620000; 630000; 620000
Iter 17; 3413.153777; 2508.821535; 401.597895; 502.734347; 630000; 620000; 630000; 620000
Iter 18; 3448.340279; 2526.119236; 404.923229; 517.297814; 630000; 620000; 630000; 620000
Iter 19; 3430.594547; 2513.187936; 405.115399; 512.291212; 630000; 620000; 630000; 620000
[GC (Allocation Failure) [GC (Allocation Failure) [GC (Allocation Failure)  1899355K->170421K(3161088K), 0.0685548 secs]
 1884878K->127388K(3543040K), 0.0691126 secs]
 1927645K->171006K(3162112K), 0.0673798 secs]
