Starting process <3> on on <c0947.ofp>
Starting process <0> on on <c0943.ofp>
Starting process <2> on on <c0946.ofp>
Starting process <1> on on <c0945.ofp>
[GC (Allocation Failure)  449536K->15022K(1723392K), 0.1045927 secs]
[GC (Allocation Failure)  449536K->14713K(1723392K), 0.0275177 secs]
[GC (Allocation Failure)  449536K->14685K(1723392K), 0.0516542 secs]
[GC (Allocation Failure)  464558K->5655K(1723392K), 0.0215664 secs]
[GC (Allocation Failure)  449536K->14648K(1723392K), 0.1161643 secs]
[GC (Allocation Failure)  464249K->5111K(1723392K), 0.0331213 secs]
[GC (Allocation Failure)  464221K->5066K(1723392K), 0.0248244 secs]
[GC (Allocation Failure)  464184K->5040K(1723392K), 0.0382272 secs]
[GC (Allocation Failure)  455191K->5515K(1723392K), 0.0189597 secs]
[GC (Allocation Failure)  454602K->5544K(1723392K), 0.0499197 secs]
[GC (Allocation Failure)  454647K->6036K(1723392K), 0.0246051 secs]
[GC (Allocation Failure)  454576K->5944K(1723392K), 0.0227847 secs]
[GC (Allocation Failure)  455051K->6898K(2172928K), 0.0315796 secs]
[GC (Allocation Failure)  455572K->6219K(2172928K), 0.0306755 secs]
[GC (Allocation Failure)  455080K->6251K(2172928K), 0.0303923 secs]
[GC (Allocation Failure)  455480K->6335K(2172928K), 0.0196272 secs]
[GC (Allocation Failure)  905970K->158427K(2172928K), 0.2248616 secs]
[GC (Allocation Failure)  1057499K->389843K(2975232K), 0.4721629 secs]
[GC (Metadata GC Threshold) [GC (Allocation Failure) [GC (Allocation Failure)  905323K->69900K(2172928K), 0.0322885 secs]
 905407K->72672K(2172928K), 0.0421979 secs]
[GC (Allocation Failure)  1716334K->703159K(3113472K), 0.4911552 secs]
[Full GC (Metadata GC Threshold)  905291K->76273K(2172928K), 0.0796817 secs]
 703159K->700714K(3603456K), 9.2651059 secs]
Init; 20202.728549 ms
[GC (Metadata GC Threshold) [GC (Metadata GC Threshold)  252224K->61640K(3035136K), 0.0660031 secs]
[Full GC (Metadata GC Threshold)  243333K->63297K(3041280K), 0.0638610 secs]
[Full GC (Metadata GC Threshold)  63297K->62283K(2473472K), 0.1758659 secs]
 61640K->61257K(2472960K), 0.2318564 secs]
[GC (Metadata GC Threshold)  278623K->63862K(3037184K), 0.0698779 secs]
[Full GC (Metadata GC Threshold)  63862K->63189K(2468864K), 0.2487943 secs]
Iter 0; 9011.176835; 4465.99198; 3101.93275; 1443.252105; 672982; 608794; 569200; 649024
Iter 1; 6655.573449; 3587.689272; 1238.003198; 1829.880979; 667402; 649953; 596158; 586487
[GC (Allocation Failure)  2360535K->784364K(3762688K), 0.1042915 secs]
Iter 2; 5196.625963; 3295.100832; 483.996564; 1417.528567; 631254; 670757; 607676; 590313
Iter 3; 4348.257323; 3126.411343; 424.471098; 797.374882; 649043; 666497; 592580; 591880
[GC (Allocation Failure)  1844043K->205212K(2489856K), 0.1436783 secs]
[GC (Allocation Failure)  1843015K->220151K(2486784K), 0.1689817 secs]
[GC (Allocation Failure)  1841481K->174980K(2490880K), 0.1254184 secs]
Iter 4; 5277.004598; 3189.194688; 433.203122; 1654.606788; 667074; 590093; 617143; 625690
Iter 5; 4505.507073; 3208.252151; 433.909638; 863.345284; 673308; 583333; 614115; 629244
Iter 6; 3885.057143; 2916.81612; 448.312619; 519.928404; 671284; 583252; 613276; 632188
Iter 7; 4459.027184; 3166.887731; 424.509548; 867.629905; 673558; 579878; 606440; 640124
[GC (Allocation Failure)  2773996K->882694K(4054528K), 0.2185646 secs]
Iter 8; 5058.41382; 3321.334783; 507.841364; 1229.237673; 660938; 582216; 612440; 645956
Iter 9; 4418.096296; 2715.770167; 678.24924; 1024.076889; 663281; 602839; 602336; 633922
Iter 10; 4332.480584; 3014.19691; 437.061064; 881.22261; 663136; 595800; 612333; 631109
Iter 11; 4215.458606; 2703.429212; 531.545994; 980.4834; 668473; 597726; 599055; 637124
[GC (Allocation Failure)  1986972K->317718K(3747328K), 0.2117176 secs]
[GC (Allocation Failure)  1955204K->266655K(3686912K), 0.1806835 secs]
[GC (Allocation Failure)  2000000K->343034K(3743744K), 0.2091935 secs]
Iter 12; 5009.783517; 3110.204286; 1005.848915; 893.730316; 678276; 580765; 602662; 640675
Iter 13; 4818.173193; 3415.239603; 639.836983; 763.096607; 675078; 584794; 605753; 636753
Iter 14; 4065.279694; 2972.982778; 392.619116; 699.6778; 669377; 588094; 608636; 636271
Iter 15; 3949.373459; 2902.681012; 441.958909; 604.733538; 665650; 592279; 610966; 633483
[GC (Allocation Failure)  3065463K->952345K(4297728K), 0.2791931 secs]
Iter 16; 4388.835282; 2849.964026; 708.689705; 830.181551; 669082; 587633; 615112; 630551
Iter 17; 4114.0846; 2754.562488; 478.891992; 880.63012; 668639; 586381; 620568; 626790
Iter 18; 4013.403479; 2867.736609; 378.581407; 767.085463; 667630; 585799; 619871; 629078
Iter 19; 4065.652143; 2831.15373; 569.833612; 664.664801; 667060; 586767; 616425; 632126
[GC (Allocation Failure) [GC (Allocation Failure)  3306262K->362575K(3800576K), 0.1970418 secs]
 3206047K->335960K(3733504K), 0.2057303 secs]
