Starting process <2> on on <c0933.ofp>
Starting process <0> on on <c0931.ofp>
Starting process <3> on on <c0934.ofp>
Starting process <1> on on <c0932.ofp>
[GC (Allocation Failure)  449536K->15248K(1723392K), 0.0935363 secs]
[GC (Allocation Failure)  449536K->14592K(1723392K), 0.0411674 secs]
[GC (Allocation Failure)  449536K->14611K(1723392K), 0.0328504 secs]
[GC (Allocation Failure)  449536K->14901K(1723392K), 0.0344829 secs]
[GC (Allocation Failure)  464784K->5587K(1723392K), 0.0694782 secs]
[GC (Allocation Failure)  464128K->5269K(1723392K), 0.0605372 secs]
[GC (Allocation Failure)  464147K->5504K(1723392K), 0.0200296 secs]
[GC (Allocation Failure)  464437K->5316K(1723392K), 0.0452050 secs]
[GC (Allocation Failure)  455123K->5807K(1723392K), 0.0254807 secs]
[GC (Allocation Failure)  455040K->5356K(1723392K), 0.0490068 secs]
[GC (Allocation Failure)  454805K->5703K(1723392K), 0.0383459 secs]
[GC (Allocation Failure)  454852K->5796K(1723392K), 0.0224175 secs]
[GC (Allocation Failure)  455343K->6853K(2172928K), 0.0208867 secs]
[GC (Allocation Failure)  455239K->6175K(2172928K), 0.0274354 secs]
[GC (Allocation Failure)  454892K->6108K(2172928K), 0.0372422 secs]
[GC (Allocation Failure)  455332K->6308K(2172928K), 0.0194542 secs]
[GC (Allocation Failure)  905925K->169703K(2172928K), 0.2297358 secs]
[GC (Allocation Failure)  1068775K->399306K(2985984K), 0.4493954 secs]
[GC (Metadata GC Threshold) [GC (Allocation Failure) [GC (Allocation Failure) [GC (Allocation Failure)  904685K->70903K(2172928K), 0.0526291 secs]
 905247K->76459K(2172928K), 0.0413666 secs]
 905380K->75505K(2172928K), 0.0617444 secs]
 1667321K->703131K(3121152K), 0.4842671 secs]
[Full GC (Metadata GC Threshold)  703131K->700726K(3605504K), 9.2015624 secs]
Init; 20113.202482 ms
[GC (Metadata GC Threshold) [GC (Metadata GC Threshold)  238444K->62594K(3041792K), 0.0639511 secs]
[Full GC (Metadata GC Threshold)  247940K->63041K(3036160K), 0.1209178 secs]
[Full GC (Metadata GC Threshold)  62594K->61388K(2457600K), 0.1891877 secs]
 63041K->62339K(2463232K), 0.2206574 secs]
[GC (Metadata GC Threshold)  273918K->64231K(3039744K), 0.0670699 secs]
[Full GC (Metadata GC Threshold)  64231K->63061K(2444288K), 0.1752443 secs]
Iter 0; 8932.860596; 4604.692177; 2143.264642; 2184.903777; 642969; 616049; 610443; 630539
Iter 1; 5821.710252; 2977.709022; 1077.036352; 1766.964878; 666876; 526074; 657934; 650466
[GC (Allocation Failure)  2363114K->812129K(3797504K), 0.1283125 secs]
Iter 2; 4759.212337; 3013.113762; 519.8051; 1226.293475; 613340; 546965; 712704; 628341
Iter 3; 4317.679425; 3060.698152; 401.598565; 855.382708; 634995; 546666; 687359; 632330
[GC (Allocation Failure)  1842865K->214848K(2473472K), 0.1551377 secs]
Iter 4; 5477.626388; 3308.800277; 1032.584761; 1136.24135; 645118; 541367; 685049; 629816
[GC (Allocation Failure)  1842563K->171817K(2481152K), 0.1067489 secs]
[GC (Allocation Failure)  1843797K->228895K(2461696K), 0.1758814 secs]
Iter 5; 5278.939647; 3298.730772; 1128.687724; 851.521151; 651977; 570934; 649076; 629363
Iter 6; 4135.080829; 3046.856974; 410.51169; 677.712165; 657082; 568526; 644038; 631704
Iter 7; 4589.053082; 2921.013182; 850.918893; 817.121007; 684561; 570237; 537808; 708744
[GC (Allocation Failure)  2814561K->887293K(4072448K), 0.2131904 secs]
Iter 8; 5023.476026; 2998.41535; 878.280372; 1146.780304; 654588; 558209; 591854; 696699
Iter 9; 4080.957813; 2899.173704; 485.392254; 696.391855; 647602; 563334; 594304; 696110
Iter 10; 4374.426206; 3334.566346; 428.107953; 611.751907; 649424; 562723; 599711; 689492
Iter 11; 4291.576266; 3232.997074; 407.753105; 650.826087; 649467; 570866; 609618; 671399
[GC (Allocation Failure)  1997102K->292842K(3784192K), 0.1644569 secs]
Iter 12; 4265.677056; 2938.712303; 568.630844; 758.333909; 646124; 573911; 621349; 659966
[GC (Allocation Failure)  2009631K->338470K(3845632K), 0.2059740 secs]
[GC (Allocation Failure)  1951676K->319169K(3710976K), 0.2099672 secs]
Iter 13; 4472.816714; 2894.957251; 965.849526; 612.009937; 648851; 577360; 624425; 650714
Iter 14; 3787.090431; 2714.200192; 378.59306; 694.297179; 651724; 577280; 623405; 648941
Iter 15; 4011.490382; 2931.908693; 432.567496; 647.014193; 649009; 577248; 627295; 647798
Iter 16; 3914.087383; 2774.668348; 484.822315; 654.59672; 647466; 577642; 628917; 647325
[GC (Allocation Failure)  3089405K->953470K(4317184K), 0.2606776 secs]
Iter 17; 4456.990878; 2949.410676; 847.695339; 659.884863; 637848; 583329; 631741; 648432
Iter 18; 3968.456729; 2838.352939; 416.312932; 713.790858; 638138; 584617; 629055; 649540
Iter 19; 4640.005333; 3022.666002; 1006.488132; 610.851199; 621134; 593530; 629419; 657267
[GC (Allocation Failure)  3329514K->358406K(3821056K), 0.2173738 secs]
