Starting process <0> on on <c0927.ofp>
Starting process <3> on on <c0930.ofp>
Starting process <2> on on <c0929.ofp>
Starting process <1> on on <c0928.ofp>
[GC (Allocation Failure)  449536K->15213K(1723392K), 0.0921674 secs]
[GC (Allocation Failure)  464749K->5555K(1723392K), 0.0207059 secs]
[GC (Allocation Failure)  449536K->14514K(1723392K), 0.0674680 secs]
[GC (Allocation Failure)  449536K->14476K(1723392K), 0.0301821 secs]
[GC (Allocation Failure)  449536K->14421K(1723392K), 0.0683582 secs]
[GC (Allocation Failure)  464050K->4931K(1723392K), 0.0263092 secs]
[GC (Allocation Failure) [GC (Allocation Failure)  455091K->5823K(1723392K), 0.0333671 secs]
 464012K->5436K(1723392K), 0.0355267 secs]
[GC (Allocation Failure)  463957K->5076K(1723392K), 0.0567679 secs]
[GC (Allocation Failure)  454972K->5616K(1723392K), 0.0154859 secs]
[GC (Allocation Failure)  454612K->5993K(1723392K), 0.0343013 secs]
[GC (Allocation Failure)  455359K->6979K(2172928K), 0.0256191 secs]
[GC (Allocation Failure)  454467K->6524K(1723392K), 0.0153022 secs]
[GC (Allocation Failure)  455152K->6583K(2172928K), 0.0290895 secs]
[GC (Allocation Failure)  906051K->160364K(2172928K), 0.2142396 secs]
[GC (Allocation Failure)  455529K->6076K(2172928K), 0.0200127 secs]
[GC (Allocation Failure)  456060K->6119K(2172928K), 0.0298459 secs]
[GC (Allocation Failure)  1059436K->402295K(2971136K), 0.4113480 secs]
[GC (Metadata GC Threshold) [GC (Allocation Failure) [GC (Allocation Failure)  904743K->66821K(2172928K), 0.0257044 secs]
 905655K->67572K(2172928K), 0.0243118 secs]
[GC (Allocation Failure)  1625457K->703323K(3115008K), 0.3817038 secs]
[Full GC (Metadata GC Threshold)  904245K->73957K(2172928K), 0.0467571 secs]
 703323K->700764K(3607552K), 9.2348445 secs]
Init; 19945.576934 ms
[GC (Metadata GC Threshold) [GC (Metadata GC Threshold)  255389K->61746K(3033600K), 0.0703191 secs]
[Full GC (Metadata GC Threshold)  255933K->61894K(3038720K), 0.0775843 secs]
[Full GC (Metadata GC Threshold)  61894K->61288K(2479104K), 0.2003432 secs]
 61746K->61279K(2496512K), 0.2667363 secs]
[GC (Metadata GC Threshold)  276027K->63793K(3031552K), 0.0733439 secs]
[Full GC (Metadata GC Threshold)  63793K->63207K(2479616K), 0.3631981 secs]
Iter 0; 10000.957071; 3542.159697; 4064.209877; 2394.587497; 766770; 622883; 606413; 503934
Iter 1; 6054.056448; 3530.775808; 1171.327651; 1351.952989; 753205; 645368; 517346; 584081
[GC (Allocation Failure)  2355007K->780906K(3730944K), 0.0875535 secs]
Iter 2; 4657.756122; 2875.020274; 506.675144; 1276.060704; 738579; 694253; 474412; 592756
Iter 3; 4965.192051; 3197.714667; 521.585167; 1245.892217; 739491; 697293; 459548; 603668
[GC (Allocation Failure)  1842536K->212782K(2496000K), 0.1547421 secs]
[GC (Allocation Failure)  1841273K->226409K(2499072K), 0.1483804 secs]
[GC (Allocation Failure)  1841469K->179803K(2514432K), 0.1263624 secs]
Iter 4; 5852.392638; 3556.319361; 1190.450745; 1105.622532; 725350; 659882; 478348; 636420
Iter 5; 4640.898261; 3131.216272; 385.076964; 1124.605025; 713850; 659427; 511152; 615571
Iter 6; 4797.179157; 3327.020027; 390.56719; 1079.59194; 702346; 647791; 534233; 615630
[GC (Allocation Failure)  2739818K->865254K(3992064K), 0.1940980 secs]
Iter 7; 4197.416739; 3001.987061; 380.491876; 814.937802; 672858; 646988; 560106; 620048
Iter 8; 4322.814748; 2903.357768; 464.314884; 955.142096; 675983; 637847; 563930; 622240
Iter 9; 4552.333563; 3125.968984; 571.140437; 855.224142; 678697; 637718; 553092; 630493
Iter 10; 4011.811726; 2721.483374; 383.351945; 906.976407; 676373; 634045; 561487; 628095
[GC (Allocation Failure)  1992338K->323384K(3722752K), 0.1932314 secs]
Iter 11; 4476.720217; 2595.065062; 1154.897717; 726.757438; 681243; 651495; 529165; 638097
[GC (Allocation Failure)  2004823K->341543K(3672576K), 0.1957167 secs]
[GC (Allocation Failure)  1960027K->292013K(3619328K), 0.2095414 secs]
Iter 12; 4592.576059; 3336.162275; 378.068537; 878.345247; 681908; 617161; 540409; 661103
[GC (Allocation Failure)  3000806K->925887K(4210688K), 0.2459968 secs]
