Starting process <0> on on <c0939.ofp>
Starting process <1> on on <c0940.ofp>
Starting process <2> on on <c0941.ofp>
Starting process <3> on on <c0942.ofp>
[GC (Allocation Failure)  449536K->15200K(1723392K), 0.1348546 secs]
[GC (Allocation Failure)  449536K->14401K(1723392K), 0.0742676 secs]
[GC (Allocation Failure)  449536K->14675K(1723392K), 0.0712497 secs]
[GC (Allocation Failure)  449536K->14432K(1723392K), 0.0310566 secs]
[GC (Allocation Failure)  464736K->5780K(2172928K), 0.0356599 secs]
[GC (Allocation Failure)  463937K->4991K(1723392K), 0.0191324 secs]
[GC (Allocation Failure)  463968K->4807K(1723392K), 0.0281103 secs]
[GC (Allocation Failure)  904852K->6027K(2172928K), 0.0214882 secs]
[GC (GCLocker Initiated GC)  464212K->5217K(1723392K), 0.0242243 secs]
[GC (Allocation Failure)  454527K->5971K(1723392K), 0.0335206 secs]
[GC (Allocation Failure)  454343K->6476K(1723392K), 0.0383498 secs]
[GC (Allocation Failure)  905099K->35627K(3072000K), 0.0823581 secs]
[GC (Allocation Failure)  454756K->6305K(1723392K), 0.0299222 secs]
[GC (Allocation Failure)  455507K->5839K(2172928K), 0.0235023 secs]
[GC (Allocation Failure)  456012K->6084K(2172928K), 0.0328849 secs]
[GC (Allocation Failure)  455841K->6042K(2172928K), 0.0234264 secs]
[GC (Allocation Failure)  1833771K->343867K(3072000K), 0.4648708 secs]
[GC (Metadata GC Threshold) [GC (Allocation Failure) [GC (Allocation Failure)  2014680K->703051K(4879872K), 0.4479305 secs]
[Full GC (Metadata GC Threshold)  905156K->73137K(2172928K), 0.0589951 secs]
 905114K->76395K(2172928K), 0.0541081 secs]
[GC (Allocation Failure)  904911K->83050K(2172928K), 0.0496859 secs]
 703051K->700731K(5427200K), 9.7387276 secs]
Init; 20217.76336 ms
[GC (Metadata GC Threshold)  256566K->62705K(3037696K), 0.0895452 secs]
[Full GC (Metadata GC Threshold)  62705K->62001K(2473984K), 0.2356322 secs]
[GC (Metadata GC Threshold)  282120K->64149K(3040768K), 0.0809618 secs]
[Full GC (Metadata GC Threshold)  64149K->63006K(2486784K), 0.2027011 secs]
[GC (Metadata GC Threshold)  285295K->64683K(3049472K), 0.0679051 secs]
[Full GC (Metadata GC Threshold)  64683K->62933K(2502144K), 0.2106818 secs]
Iter 0; 8183.641203; 4634.92322; 2597.730434; 950.987549; 648327; 539280; 630196; 682197
Iter 1; 5881.943146; 3874.956623; 620.389294; 1386.597229; 615212; 604794; 677793; 602201
Iter 2; 5045.642637; 3186.359223; 766.481196; 1092.802218; 623288; 610655; 685502; 580555
Iter 3; 5044.571232; 3185.100379; 510.791954; 1348.678899; 633232; 610346; 728082; 528340
Iter 4; 4002.968285; 2988.028276; 430.978889; 583.96112; 640267; 620151; 693032; 546550
Iter 5; 5063.760352; 3449.438977; 780.108339; 834.213036; 648568; 655306; 682112; 514014
[GC (Allocation Failure)  1847845K->171383K(2514432K), 0.1119701 secs]
[GC (Allocation Failure) [GC (Allocation Failure)  1844254K->157481K(2503680K), 0.0971016 secs]
 1842737K->192521K(2491392K), 0.1219127 secs]
[GC (Allocation Failure)  4126011K->858705K(5598208K), 0.1692942 secs]
Iter 6; 5214.414014; 3292.72927; 1189.066238; 732.618506; 669960; 639958; 654488; 535594
Iter 7; 5486.177062; 3098.538241; 1406.602679; 981.036142; 684206; 592843; 673564; 549387
Iter 8; 4479.287163; 2993.104778; 532.64039; 953.541995; 692755; 613692; 667580; 525973
Iter 9; 4504.106595; 2746.789185; 805.871931; 951.445479; 698187; 615652; 668178; 517983
Iter 10; 4530.710303; 2862.421121; 658.767004; 1009.522178; 697396; 622290; 672714; 507600
Iter 11; 4365.77612; 2817.602722; 844.093705; 704.079693; 715157; 616363; 668369; 500667
[GC (Allocation Failure)  1938729K->276979K(3650048K), 0.1867885 secs]
[GC (Allocation Failure)  1956308K->325951K(3650560K), 0.2535451 secs]
[GC (Allocation Failure)  1973257K->341483K(3688960K), 0.2054063 secs]
Iter 12; 5600.977326; 3038.721657; 1145.632745; 1416.622924; 722833; 654154; 667683; 455886
Iter 13; 4464.853935; 2982.061185; 572.908367; 909.884383; 715466; 644222; 658531; 482337
Iter 14; 4882.520285; 3164.733365; 977.358203; 740.428717; 687184; 637499; 659397; 516476
[GC (Allocation Failure)  4283509K->1002075K(5978624K), 0.3403865 secs]
Iter 15; 5105.367038; 3159.23355; 1169.910692; 776.222796; 695037; 630027; 666088; 509404
Iter 16; 4593.565725; 3291.396003; 555.330345; 746.839377; 695569; 627348; 661042; 516597
Iter 17; 4251.63802; 2825.307781; 675.697278; 750.632961; 697499; 628138; 655783; 519136
Iter 18; 4143.874676; 2809.353845; 616.731359; 717.789472; 694617; 623434; 653563; 528942
Iter 19; 4246.589289; 2800.250419; 565.195763; 881.143107; 695472; 626966; 664511; 513607
[GC (Allocation Failure) [GC (Allocation Failure) [GC (Allocation Failure)  3274731K->411851K(3759104K), 0.1855181 secs]
 3214143K->397406K(3725824K), 0.1992310 secs]
 3178483K->376269K(3712000K), 0.1996498 secs]
